Archive member included to satisfy reference by file (symbol)

/opt/st/stm32cubeide_1.15.0/plugins/com.st.stm32cube.ide.mcu.externaltools.gnu-tools-for-stm32.12.3.rel1.linux64_1.0.100.202403111256/tools/bin/../lib/gcc/arm-none-eabi/12.3.1/../../../../arm-none-eabi/lib/thumb/v7e-m+fp/hard/libc_nano.a(libc_a-exit.o)
                              /opt/st/stm32cubeide_1.15.0/plugins/com.st.stm32cube.ide.mcu.externaltools.gnu-tools-for-stm32.12.3.rel1.linux64_1.0.100.202403111256/tools/bin/../lib/gcc/arm-none-eabi/12.3.1/../../../../arm-none-eabi/lib/thumb/v7e-m+fp/hard/crt0.o (exit)
/opt/st/stm32cubeide_1.15.0/plugins/com.st.stm32cube.ide.mcu.externaltools.gnu-tools-for-stm32.12.3.rel1.linux64_1.0.100.202403111256/tools/bin/../lib/gcc/arm-none-eabi/12.3.1/../../../../arm-none-eabi/lib/thumb/v7e-m+fp/hard/libc_nano.a(libc_a-findfp.o)
                              ./ThirdParty/FreeRTOS/tasks.o (__sf)
/opt/st/stm32cubeide_1.15.0/plugins/com.st.stm32cube.ide.mcu.externaltools.gnu-tools-for-stm32.12.3.rel1.linux64_1.0.100.202403111256/tools/bin/../lib/gcc/arm-none-eabi/12.3.1/../../../../arm-none-eabi/lib/thumb/v7e-m+fp/hard/libc_nano.a(libc_a-fwalk.o)
                              /opt/st/stm32cubeide_1.15.0/plugins/com.st.stm32cube.ide.mcu.externaltools.gnu-tools-for-stm32.12.3.rel1.linux64_1.0.100.202403111256/tools/bin/../lib/gcc/arm-none-eabi/12.3.1/../../../../arm-none-eabi/lib/thumb/v7e-m+fp/hard/libc_nano.a(libc_a-findfp.o) (_fwalk_sglue)
/opt/st/stm32cubeide_1.15.0/plugins/com.st.stm32cube.ide.mcu.externaltools.gnu-tools-for-stm32.12.3.rel1.linux64_1.0.100.202403111256/tools/bin/../lib/gcc/arm-none-eabi/12.3.1/../../../../arm-none-eabi/lib/thumb/v7e-m+fp/hard/libc_nano.a(libc_a-stdio.o)
                              /opt/st/stm32cubeide_1.15.0/plugins/com.st.stm32cube.ide.mcu.externaltools.gnu-tools-for-stm32.12.3.rel1.linux64_1.0.100.202403111256/tools/bin/../lib/gcc/arm-none-eabi/12.3.1/../../../../arm-none-eabi/lib/thumb/v7e-m+fp/hard/libc_nano.a(libc_a-findfp.o) (__sread)
/opt/st/stm32cubeide_1.15.0/plugins/com.st.stm32cube.ide.mcu.externaltools.gnu-tools-for-stm32.12.3.rel1.linux64_1.0.100.202403111256/tools/bin/../lib/gcc/arm-none-eabi/12.3.1/../../../../arm-none-eabi/lib/thumb/v7e-m+fp/hard/libc_nano.a(libc_a-memset.o)
                              /opt/st/stm32cubeide_1.15.0/plugins/com.st.stm32cube.ide.mcu.externaltools.gnu-tools-for-stm32.12.3.rel1.linux64_1.0.100.202403111256/tools/bin/../lib/gcc/arm-none-eabi/12.3.1/../../../../arm-none-eabi/lib/thumb/v7e-m+fp/hard/crt0.o (memset)
/opt/st/stm32cubeide_1.15.0/plugins/com.st.stm32cube.ide.mcu.externaltools.gnu-tools-for-stm32.12.3.rel1.linux64_1.0.100.202403111256/tools/bin/../lib/gcc/arm-none-eabi/12.3.1/../../../../arm-none-eabi/lib/thumb/v7e-m+fp/hard/libc_nano.a(libc_a-closer.o)
                              /opt/st/stm32cubeide_1.15.0/plugins/com.st.stm32cube.ide.mcu.externaltools.gnu-tools-for-stm32.12.3.rel1.linux64_1.0.100.202403111256/tools/bin/../lib/gcc/arm-none-eabi/12.3.1/../../../../arm-none-eabi/lib/thumb/v7e-m+fp/hard/libc_nano.a(libc_a-stdio.o) (_close_r)
/opt/st/stm32cubeide_1.15.0/plugins/com.st.stm32cube.ide.mcu.externaltools.gnu-tools-for-stm32.12.3.rel1.linux64_1.0.100.202403111256/tools/bin/../lib/gcc/arm-none-eabi/12.3.1/../../../../arm-none-eabi/lib/thumb/v7e-m+fp/hard/libc_nano.a(libc_a-reent.o)
                              ./ThirdParty/FreeRTOS/tasks.o (_reclaim_reent)
/opt/st/stm32cubeide_1.15.0/plugins/com.st.stm32cube.ide.mcu.externaltools.gnu-tools-for-stm32.12.3.rel1.linux64_1.0.100.202403111256/tools/bin/../lib/gcc/arm-none-eabi/12.3.1/../../../../arm-none-eabi/lib/thumb/v7e-m+fp/hard/libc_nano.a(libc_a-impure.o)
                              ./ThirdParty/FreeRTOS/tasks.o (_impure_ptr)
/opt/st/stm32cubeide_1.15.0/plugins/com.st.stm32cube.ide.mcu.externaltools.gnu-tools-for-stm32.12.3.rel1.linux64_1.0.100.202403111256/tools/bin/../lib/gcc/arm-none-eabi/12.3.1/../../../../arm-none-eabi/lib/thumb/v7e-m+fp/hard/libc_nano.a(libc_a-lseekr.o)
                              /opt/st/stm32cubeide_1.15.0/plugins/com.st.stm32cube.ide.mcu.externaltools.gnu-tools-for-stm32.12.3.rel1.linux64_1.0.100.202403111256/tools/bin/../lib/gcc/arm-none-eabi/12.3.1/../../../../arm-none-eabi/lib/thumb/v7e-m+fp/hard/libc_nano.a(libc_a-stdio.o) (_lseek_r)
/opt/st/stm32cubeide_1.15.0/plugins/com.st.stm32cube.ide.mcu.externaltools.gnu-tools-for-stm32.12.3.rel1.linux64_1.0.100.202403111256/tools/bin/../lib/gcc/arm-none-eabi/12.3.1/../../../../arm-none-eabi/lib/thumb/v7e-m+fp/hard/libc_nano.a(libc_a-readr.o)
                              /opt/st/stm32cubeide_1.15.0/plugins/com.st.stm32cube.ide.mcu.externaltools.gnu-tools-for-stm32.12.3.rel1.linux64_1.0.100.202403111256/tools/bin/../lib/gcc/arm-none-eabi/12.3.1/../../../../arm-none-eabi/lib/thumb/v7e-m+fp/hard/libc_nano.a(libc_a-stdio.o) (_read_r)
[...]
Memory Configuration

Name             Origin             Length             Attributes
CCMRAM           0x10000000         0x00010000         xrw
RAM              0x20000000         0x00020000         xrw
FLASH            0x08000000         0x00100000         xr
*default*        0x00000000         0xffffffff

Linker script and memory map

LOAD /opt/st/stm32cubeide_1.15.0/plugins/com.st.stm32cube.ide.mcu.externaltools.gnu-tools-for-stm32.12.3.rel1.linux64_1.0.100.202403111256/tools/bin/../lib/gcc/arm-none-eabi/12.3.1/thumb/v7e-m+fp/hard/crti.o
LOAD /opt/st/stm32cubeide_1.15.0/plugins/com.st.stm32cube.ide.mcu.externaltools.gnu-tools-for-stm32.12.3.rel1.linux64_1.0.100.202403111256/tools/bin/../lib/gcc/arm-none-eabi/12.3.1/thumb/v7e-m+fp/hard/crtbegin.o
LOAD /opt/st/stm32cubeide_1.15.0/plugins/com.st.stm32cube.ide.mcu.externaltools.gnu-tools-for-stm32.12.3.rel1.linux64_1.0.100.202403111256/tools/bin/../lib/gcc/arm-none-eabi/12.3.1/../../../../arm-none-eabi/lib/thumb/v7e-m+fp/hard/crt0.o
LOAD ./Src/itm.o
LOAD ./Src/main.o
LOAD ./Src/syscalls.o
LOAD ./Src/sysmem.o
LOAD ./Src/system_stm32f4xx.o
LOAD ./Src/uart.o
LOAD ./Startup/startup_stm32f407vgtx.o
LOAD ./ThirdParty/FreeRTOS/croutine.o
LOAD ./ThirdParty/FreeRTOS/event_groups.o
LOAD ./ThirdParty/FreeRTOS/list.o
LOAD ./ThirdParty/FreeRTOS/queue.o
LOAD ./ThirdParty/FreeRTOS/stream_buffer.o
LOAD ./ThirdParty/FreeRTOS/tasks.o
LOAD ./ThirdParty/FreeRTOS/timers.o
LOAD ./ThirdParty/FreeRTOS/portable/GCC/ARM_CM4F/port.o
LOAD ./ThirdParty/FreeRTOS/portable/MemMang/heap_4.o
START GROUP
LOAD /opt/st/stm32cubeide_1.15.0/plugins/com.st.stm32cube.ide.mcu.externaltools.gnu-tools-for-stm32.12.3.rel1.linux64_1.0.100.202403111256/tools/bin/../lib/gcc/arm-none-eabi/12.3.1/../../../../arm-none-eabi/lib/thumb/v7e-m+fp/hard/libc_nano.a
LOAD /opt/st/stm32cubeide_1.15.0/plugins/com.st.stm32cube.ide.mcu.externaltools.gnu-tools-for-stm32.12.3.rel1.linux64_1.0.100.202403111256/tools/bin/../lib/gcc/arm-none-eabi/12.3.1/../../../../arm-none-eabi/lib/thumb/v7e-m+fp/hard/libm.a
END GROUP
START GROUP
LOAD /opt/st/stm32cubeide_1.15.0/plugins/com.st.stm32cube.ide.mcu.externaltools.gnu-tools-for-stm32.12.3.rel1.linux64_1.0.100.202403111256/tools/bin/../lib/gcc/arm-none-eabi/12.3.1/thumb/v7e-m+fp/hard/libgcc.a
LOAD /opt/st/stm32cubeide_1.15.0/plugins/com.st.stm32cube.ide.mcu.externaltools.gnu-tools-for-stm32.12.3.rel1.linux64_1.0.100.202403111256/tools/bin/../lib/gcc/arm-none-eabi/12.3.1/../../../../arm-none-eabi/lib/thumb/v7e-m+fp/hard/libc_nano.a
END GROUP
START GROUP
LOAD /opt/st/stm32cubeide_1.15.0/plugins/com.st.stm32cube.ide.mcu.externaltools.gnu-tools-for-stm32.12.3.rel1.linux64_1.0.100.202403111256/tools/bin/../lib/gcc/arm-none-eabi/12.3.1/thumb/v7e-m+fp/hard/libgcc.a
LOAD /opt/st/stm32cubeide_1.15.0/plugins/com.st.stm32cube.ide.mcu.externaltools.gnu-tools-for-stm32.12.3.rel1.linux64_1.0.100.202403111256/tools/bin/../lib/gcc/arm-none-eabi/12.3.1/../../../../arm-none-eabi/lib/thumb/v7e-m+fp/hard/libc_nano.a
LOAD /opt/st/stm32cubeide_1.15.0/plugins/com.st.stm32cube.ide.mcu.externaltools.gnu-tools-for-stm32.12.3.rel1.linux64_1.0.100.202403111256/tools/bin/../lib/gcc/arm-none-eabi/12.3.1/../../../../arm-none-eabi/lib/thumb/v7e-m+fp/hard/libnosys.a
END GROUP
START GROUP
LOAD /opt/st/stm32cubeide_1.15.0/plugins/com.st.stm32cube.ide.mcu.externaltools.gnu-tools-for-stm32.12.3.rel1.linux64_1.0.100.202403111256/tools/bin/../lib/gcc/arm-none-eabi/12.3.1/thumb/v7e-m+fp/hard/libgcc.a
LOAD /opt/st/stm32cubeide_1.15.0/plugins/com.st.stm32cube.ide.mcu.externaltools.gnu-tools-for-stm32.12.3.rel1.linux64_1.0.100.202403111256/tools/bin/../lib/gcc/arm-none-eabi/12.3.1/../../../../arm-none-eabi/lib/thumb/v7e-m+fp/hard/libc_nano.a
LOAD /opt/st/stm32cubeide_1.15.0/plugins/com.st.stm32cube.ide.mcu.externaltools.gnu-tools-for-stm32.12.3.rel1.linux64_1.0.100.202403111256/tools/bin/../lib/gcc/arm-none-eabi/12.3.1/../../../../arm-none-eabi/lib/thumb/v7e-m+fp/hard/libnosys.a
END GROUP
LOAD /opt/st/stm32cubeide_1.15.0/plugins/com.st.stm32cube.ide.mcu.externaltools.gnu-tools-for-stm32.12.3.rel1.linux64_1.0.100.202403111256/tools/bin/../lib/gcc/arm-none-eabi/12.3.1/thumb/v7e-m+fp/hard/crtend.o
LOAD /opt/st/stm32cubeide_1.15.0/plugins/com.st.stm32cube.ide.mcu.externaltools.gnu-tools-for-stm32.12.3.rel1.linux64_1.0.100.202403111256/tools/bin/../lib/gcc/arm-none-eabi/12.3.1/thumb/v7e-m+fp/hard/crtn.o
                0x20020000                        _estack = (ORIGIN (RAM) + LENGTH (RAM))
                0x00000200                        _Min_Heap_Size = 0x200
                0x00000400                        _Min_Stack_Size = 0x400

.isr_vector     0x08000000      0x188
                0x08000000                        . = ALIGN (0x4)
 *(.isr_vector)
 .isr_vector    0x08000000      0x188 ./Startup/startup_stm32f407vgtx.o
                0x08000000                g_pfnVectors
                0x08000188                        . = ALIGN (0x4)

.text           0x08000190     0x1764
                0x08000190                        . = ALIGN (0x4)
 *(.text)
 .text          0x08000190       0x40 /opt/st/stm32cubeide_1.15.0/plugins/com.st.stm32cube.ide.mcu.externaltools.gnu-tools-for-stm32.12.3.rel1.linux64_1.0.100.202403111256/tools/bin/../lib/gcc/arm-none-eabi/12.3.1/thumb/v7e-m+fp/hard/crtbegin.o
 *(.text*)
 .text.vLEDAperiodicTask
                0x080001d0       0x20 ./Src/main.o
                0x080001d0                vLEDAperiodicTask
 .text.main     0x080001f0       0x34 ./Src/main.o
                0x080001f0                main
 .text.SystemInit
                0x08000224        0xc ./Src/system_stm32f4xx.o
                0x08000224                SystemInit
 .text.DWT_Init
                0x08000230       0x60 ./Src/system_stm32f4xx.o
                0x08000230                DWT_Init
 .text.UartInit
                0x08000290       0xdc ./Src/uart.o
                0x08000290                UartInit
 .text.UartPutch
                0x0800036c       0x30 ./Src/uart.o
                0x0800036c                UartPutch
 .text.UartPuts
                0x0800039c       0x38 ./Src/uart.o
                0x0800039c                UartPuts
 .text.Reset_Handler
                0x080003d4       0x50 ./Startup/startup_stm32f407vgtx.o
                0x080003d4                Reset_Handler
 .text.Default_Handler
                0x08000424        0x2 ./Startup/startup_stm32f407vgtx.o
                0x08000424                RTC_Alarm_IRQHandler
                0x08000424                HASH_RNG_IRQHandler
                0x08000424                EXTI2_IRQHandler
                0x08000424                TIM8_CC_IRQHandler
                0x08000424                DebugMon_Handler
                0x08000424                TIM1_CC_IRQHandler
                0x08000424                DMA2_Stream5_IRQHandler
                0x08000424                HardFault_Handler
                0x08000424                DMA1_Stream5_IRQHandler
                0x08000424                PVD_IRQHandler
                0x08000424                SDIO_IRQHandler
                0x08000424                TAMP_STAMP_IRQHandler
                0x08000424                NMI_Handler
                0x08000424                CAN2_RX1_IRQHandler
                0x08000424                EXTI3_IRQHandler
                0x08000424                TIM8_TRG_COM_TIM14_IRQHandler
                0x08000424                TIM1_UP_TIM10_IRQHandler
                0x08000424                TIM8_UP_TIM13_IRQHandler
                0x08000424                I2C3_ER_IRQHandler
                0x08000424                EXTI0_IRQHandler
                0x08000424                I2C2_EV_IRQHandler
                0x08000424                DMA1_Stream2_IRQHandler
                0x08000424                CAN1_RX0_IRQHandler
                0x08000424                FPU_IRQHandler
                0x08000424                OTG_HS_WKUP_IRQHandler
                0x08000424                UsageFault_Handler
                0x08000424                CAN2_SCE_IRQHandler
                0x08000424                DMA2_Stream2_IRQHandler
                0x08000424                SPI1_IRQHandler
                0x08000424                TIM6_DAC_IRQHandler
                0x08000424                TIM1_BRK_TIM9_IRQHandler
                0x08000424                DCMI_IRQHandler
                0x08000424                CAN2_RX0_IRQHandler
                0x08000424                DMA2_Stream3_IRQHandler
                0x08000424                USART6_IRQHandler
                0x08000424                USART3_IRQHandler
                0x08000424                CRYP_IRQHandler
                0x08000424                CAN1_RX1_IRQHandler
                0x08000424                UART5_IRQHandler
                0x08000424                DMA2_Stream0_IRQHandler
                0x08000424                TIM4_IRQHandler
                0x08000424                I2C1_EV_IRQHandler
                0x08000424                DMA1_Stream6_IRQHandler
                0x08000424                DMA1_Stream1_IRQHandler
                0x08000424                UART4_IRQHandler
                0x08000424                TIM3_IRQHandler
                0x08000424                RCC_IRQHandler
                0x08000424                TIM8_BRK_TIM12_IRQHandler
                0x08000424                Default_Handler
                0x08000424                EXTI15_10_IRQHandler
                0x08000424                ADC_IRQHandler
                0x08000424                DMA1_Stream7_IRQHandler
                0x08000424                TIM7_IRQHandler
                0x08000424                CAN2_TX_IRQHandler
                0x08000424                TIM5_IRQHandler
                0x08000424                DMA2_Stream7_IRQHandler
                0x08000424                I2C3_EV_IRQHandler
                0x08000424                EXTI9_5_IRQHandler
                0x08000424                RTC_WKUP_IRQHandler
                0x08000424                ETH_WKUP_IRQHandler
                0x08000424                SPI2_IRQHandler
                0x08000424                OTG_HS_EP1_IN_IRQHandler
                0x08000424                MemManage_Handler
                0x08000424                DMA1_Stream0_IRQHandler
                0x08000424                CAN1_TX_IRQHandler
                0x08000424                EXTI4_IRQHandler
                0x08000424                FSMC_IRQHandler
                0x08000424                ETH_IRQHandler
                0x08000424                OTG_HS_EP1_OUT_IRQHandler
                0x08000424                WWDG_IRQHandler
                0x08000424                TIM2_IRQHandler
                0x08000424                OTG_FS_WKUP_IRQHandler
                0x08000424                TIM1_TRG_COM_TIM11_IRQHandler
                0x08000424                OTG_HS_IRQHandler
                0x08000424                EXTI1_IRQHandler
                0x08000424                USART2_IRQHandler
                0x08000424                I2C2_ER_IRQHandler
                0x08000424                DMA2_Stream1_IRQHandler
                0x08000424                CAN1_SCE_IRQHandler
                0x08000424                DMA2_Stream4_IRQHandler
                0x08000424                BusFault_Handler
                0x08000424                USART1_IRQHandler
                0x08000424                OTG_FS_IRQHandler
                0x08000424                SPI3_IRQHandler
                0x08000424                DMA1_Stream4_IRQHandler
                0x08000424                I2C1_ER_IRQHandler
                0x08000424                DMA2_Stream6_IRQHandler
                0x08000424                DMA1_Stream3_IRQHandler
 .text.vListInitialise
                0x08000426       0x40 ./ThirdParty/FreeRTOS/list.o
                0x08000426                vListInitialise
 .text.vListInitialiseItem
                0x08000466       0x1a ./ThirdParty/FreeRTOS/list.o
                0x08000466                vListInitialiseItem
 .text.vListInsertEnd
                0x08000480       0x48 ./ThirdParty/FreeRTOS/list.o
                0x08000480                vListInsertEnd
 .text.vListInsert
                0x080004c8       0x72 ./ThirdParty/FreeRTOS/list.o
                0x080004c8                vListInsert
 .text.uxListRemove
                0x0800053a       0x54 ./ThirdParty/FreeRTOS/list.o
                0x0800053a                uxListRemove
 .text.xTaskCreate
                0x0800058e       0x82 ./ThirdParty/FreeRTOS/tasks.o
                0x0800058e                xTaskCreate
 .text.prvInitialiseNewTask
                0x08000610      0x14c ./ThirdParty/FreeRTOS/tasks.o
 .text.prvAddNewTaskToReadyList
                0x0800075c       0xd4 ./ThirdParty/FreeRTOS/tasks.o
 .text.vTaskDelay
                0x08000830       0x6c ./ThirdParty/FreeRTOS/tasks.o
                0x08000830                vTaskDelay
 .text.vTaskStartScheduler
                0x0800089c       0xac ./ThirdParty/FreeRTOS/tasks.o
                0x0800089c                vTaskStartScheduler
 .text.vTaskSuspendAll
                0x08000948       0x1c ./ThirdParty/FreeRTOS/tasks.o
                0x08000948                vTaskSuspendAll
 .text.xTaskResumeAll
                0x08000964      0x13c ./ThirdParty/FreeRTOS/tasks.o
                0x08000964                xTaskResumeAll
 .text.xTaskIncrementTick
                0x08000aa0      0x174 ./ThirdParty/FreeRTOS/tasks.o
                0x08000aa0                xTaskIncrementTick
 .text.vTaskSwitchContext
                0x08000c14       0xc8 ./ThirdParty/FreeRTOS/tasks.o
                0x08000c14                vTaskSwitchContext
 .text.prvIdleTask
                0x08000cdc       0x30 ./ThirdParty/FreeRTOS/tasks.o
 .text.prvInitialiseTaskLists
                0x08000d0c       0x80 ./ThirdParty/FreeRTOS/tasks.o
 .text.prvCheckTasksWaitingTermination
                0x08000d8c       0x5c ./ThirdParty/FreeRTOS/tasks.o
 .text.prvDeleteTCB
                0x08000de8       0x2a ./ThirdParty/FreeRTOS/tasks.o
 *fill*         0x08000e12        0x2 
 .text.prvResetNextTaskUnblockTime
                0x08000e14       0x38 ./ThirdParty/FreeRTOS/tasks.o
 .text.prvAddCurrentTaskToDelayedList
                0x08000e4c       0xcc ./ThirdParty/FreeRTOS/tasks.o
 .text.pxPortInitialiseStack
                0x08000f18       0x68 ./ThirdParty/FreeRTOS/portable/GCC/ARM_CM4F/port.o
                0x08000f18                pxPortInitialiseStack
 .text.prvTaskExitError
                0x08000f80       0x5c ./ThirdParty/FreeRTOS/portable/GCC/ARM_CM4F/port.o
 *fill*         0x08000fdc        0x4 
 .text.SVC_Handler
                0x08000fe0       0x28 ./ThirdParty/FreeRTOS/portable/GCC/ARM_CM4F/port.o
                0x08000fe0                SVC_Handler
 .text.prvPortStartFirstTask
                0x08001008       0x2c ./ThirdParty/FreeRTOS/portable/GCC/ARM_CM4F/port.o
 .text.xPortStartScheduler
                0x08001034      0x148 ./ThirdParty/FreeRTOS/portable/GCC/ARM_CM4F/port.o
                0x08001034                xPortStartScheduler
 .text.vPortEnterCritical
                0x0800117c       0x64 ./ThirdParty/FreeRTOS/portable/GCC/ARM_CM4F/port.o
                0x0800117c                vPortEnterCritical
 .text.vPortExitCritical
                0x080011e0       0x54 ./ThirdParty/FreeRTOS/portable/GCC/ARM_CM4F/port.o
                0x080011e0                vPortExitCritical
 *fill*         0x08001234        0xc 
 .text.PendSV_Handler
                0x08001240       0x68 ./ThirdParty/FreeRTOS/portable/GCC/ARM_CM4F/port.o
                0x08001240                PendSV_Handler
 .text.SysTick_Handler
                0x080012a8       0x44 ./ThirdParty/FreeRTOS/portable/GCC/ARM_CM4F/port.o
                0x080012a8                SysTick_Handler
 .text.vPortSetupTimerInterrupt
                0x080012ec       0x48 ./ThirdParty/FreeRTOS/portable/GCC/ARM_CM4F/port.o
                0x080012ec                vPortSetupTimerInterrupt
 .text.vPortEnableVFP
                0x08001334       0x18 ./ThirdParty/FreeRTOS/portable/GCC/ARM_CM4F/port.o
 .text.pvPortMalloc
                0x0800134c      0x19c ./ThirdParty/FreeRTOS/portable/MemMang/heap_4.o
                0x0800134c                pvPortMalloc
 .text.vPortFree
                0x080014e8       0xc8 ./ThirdParty/FreeRTOS/portable/MemMang/heap_4.o
                0x080014e8                vPortFree
 .text.prvHeapInit
                0x080015b0       0xc4 ./ThirdParty/FreeRTOS/portable/MemMang/heap_4.o
 .text.prvInsertBlockIntoFreeList
                0x08001674       0xb4 ./ThirdParty/FreeRTOS/portable/MemMang/heap_4.o
 .text.memset   0x08001728       0x10 /opt/st/stm32cubeide_1.15.0/plugins/com.st.stm32cube.ide.mcu.externaltools.gnu-tools-for-stm32.12.3.rel1.linux64_1.0.100.202403111256/tools/bin/../lib/gcc/arm-none-eabi/12.3.1/../../../../arm-none-eabi/lib/thumb/v7e-m+fp/hard/libc_nano.a(libc_a-memset.o)
                0x08001728                memset
 .text._reclaim_reent
                0x08001738       0xac /opt/st/stm32cubeide_1.15.0/plugins/com.st.stm32cube.ide.mcu.externaltools.gnu-tools-for-stm32.12.3.rel1.linux64_1.0.100.202403111256/tools/bin/../lib/gcc/arm-none-eabi/12.3.1/../../../../arm-none-eabi/lib/thumb/v7e-m+fp/hard/libc_nano.a(libc_a-reent.o)
                0x08001738                _reclaim_reent
 .text.__libc_init_array
                0x080017e4       0x48 /opt/st/stm32cubeide_1.15.0/plugins/com.st.stm32cube.ide.mcu.externaltools.gnu-tools-for-stm32.12.3.rel1.linux64_1.0.100.202403111256/tools/bin/../lib/gcc/arm-none-eabi/12.3.1/../../../../arm-none-eabi/lib/thumb/v7e-m+fp/hard/libc_nano.a(libc_a-init.o)
                0x080017e4                __libc_init_array
 .text.__retarget_lock_acquire_recursive
                0x0800182c        0x2 /opt/st/stm32cubeide_1.15.0/plugins/com.st.stm32cube.ide.mcu.externaltools.gnu-tools-for-stm32.12.3.rel1.linux64_1.0.100.202403111256/tools/bin/../lib/gcc/arm-none-eabi/12.3.1/../../../../arm-none-eabi/lib/thumb/v7e-m+fp/hard/libc_nano.a(libc_a-lock.o)
                0x0800182c                __retarget_lock_acquire_recursive
 .text.__retarget_lock_release_recursive
                0x0800182e        0x2 /opt/st/stm32cubeide_1.15.0/plugins/com.st.stm32cube.ide.mcu.externaltools.gnu-tools-for-stm32.12.3.rel1.linux64_1.0.100.202403111256/tools/bin/../lib/gcc/arm-none-eabi/12.3.1/../../../../arm-none-eabi/lib/thumb/v7e-m+fp/hard/libc_nano.a(libc_a-lock.o)
                0x0800182e                __retarget_lock_release_recursive
 .text._free_r  0x08001830       0x94 /opt/st/stm32cubeide_1.15.0/plugins/com.st.stm32cube.ide.mcu.externaltools.gnu-tools-for-stm32.12.3.rel1.linux64_1.0.100.202403111256/tools/bin/../lib/gcc/arm-none-eabi/12.3.1/../../../../arm-none-eabi/lib/thumb/v7e-m+fp/hard/libc_nano.a(libc_a-freer.o)
                0x08001830                _free_r
 .text.__malloc_lock
                0x080018c4        0xc /opt/st/stm32cubeide_1.15.0/plugins/com.st.stm32cube.ide.mcu.externaltools.gnu-tools-for-stm32.12.3.rel1.linux64_1.0.100.202403111256/tools/bin/../lib/gcc/arm-none-eabi/12.3.1/../../../../arm-none-eabi/lib/thumb/v7e-m+fp/hard/libc_nano.a(libc_a-mlock.o)
                0x080018c4                __malloc_lock
 .text.__malloc_unlock
                0x080018d0        0xc /opt/st/stm32cubeide_1.15.0/plugins/com.st.stm32cube.ide.mcu.externaltools.gnu-tools-for-stm32.12.3.rel1.linux64_1.0.100.202403111256/tools/bin/../lib/gcc/arm-none-eabi/12.3.1/../../../../arm-none-eabi/lib/thumb/v7e-m+fp/hard/libc_nano.a(libc_a-mlock.o)
                0x080018d0                __malloc_unlock
 *(.glue_7)
 .glue_7        0x080018dc        0x0 linker stubs
 *(.glue_7t)
 .glue_7t       0x080018dc        0x0 linker stubs
 *(.eh_frame)
 .eh_frame      0x080018dc        0x0 /opt/st/stm32cubeide_1.15.0/plugins/com.st.stm32cube.ide.mcu.externaltools.gnu-tools-for-stm32.12.3.rel1.linux64_1.0.100.202403111256/tools/bin/../lib/gcc/arm-none-eabi/12.3.1/thumb/v7e-m+fp/hard/crtbegin.o
 *(.init)
 .init          0x080018dc        0x4 /opt/st/stm32cubeide_1.15.0/plugins/com.st.stm32cube.ide.mcu.externaltools.gnu-tools-for-stm32.12.3.rel1.linux64_1.0.100.202403111256/tools/bin/../lib/gcc/arm-none-eabi/12.3.1/thumb/v7e-m+fp/hard/crti.o
                0x080018dc                _init
 .init          0x080018e0        0x8 /opt/st/stm32cubeide_1.15.0/plugins/com.st.stm32cube.ide.mcu.externaltools.gnu-tools-for-stm32.12.3.rel1.linux64_1.0.100.202403111256/tools/bin/../lib/gcc/arm-none-eabi/12.3.1/thumb/v7e-m+fp/hard/crtn.o
 *(.fini)
 .fini          0x080018e8        0x4 /opt/st/stm32cubeide_1.15.0/plugins/com.st.stm32cube.ide.mcu.externaltools.gnu-tools-for-stm32.12.3.rel1.linux64_1.0.100.202403111256/tools/bin/../lib/gcc/arm-none-eabi/12.3.1/thumb/v7e-m+fp/hard/crti.o
                0x080018e8                _fini
 .fini          0x080018ec        0x8 /opt/st/stm32cubeide_1.15.0/plugins/com.st.stm32cube.ide.mcu.externaltools.gnu-tools-for-stm32.12.3.rel1.linux64_1.0.100.202403111256/tools/bin/../lib/gcc/arm-none-eabi/12.3.1/thumb/v7e-m+fp/hard/crtn.o
                0x080018f4                        . = ALIGN (0x4)
                0x080018f4                        _etext = .

.vfp11_veneer   0x080018f4        0x0
 .vfp11_veneer  0x080018f4        0x0 linker stubs

.v4_bx          0x080018f4        0x0
 .v4_bx         0x080018f4        0x0 linker stubs

.iplt           0x080018f4        0x0
 .iplt          0x080018f4        0x0 /opt/st/stm32cubeide_1.15.0/plugins/com.st.stm32cube.ide.mcu.externaltools.gnu-tools-for-stm32.12.3.rel1.linux64_1.0.100.202403111256/tools/bin/../lib/gcc/arm-none-eabi/12.3.1/thumb/v7e-m+fp/hard/crtbegin.o

.rodata         0x080018f4       0x28
                0x080018f4                        . = ALIGN (0x4)
 *(.rodata)
 .rodata        0x080018f4       0x1d ./Src/main.o
 *fill*         0x08001911        0x3 
 .rodata        0x08001914        0x5 ./ThirdParty/FreeRTOS/tasks.o
 *(.rodata*)
                0x0800191c                        . = ALIGN (0x4)
 *fill*         0x08001919        0x3 

.ARM.extab      0x0800191c        0x0
                0x0800191c                        . = ALIGN (0x4)
 *(.ARM.extab* .gnu.linkonce.armextab.*)
                0x0800191c                        . = ALIGN (0x4)

.ARM            0x0800191c        0x0
                0x0800191c                        . = ALIGN (0x4)
                0x0800191c                        __exidx_start = .
 *(.ARM.exidx*)
                0x0800191c                        __exidx_end = .
                0x0800191c                        . = ALIGN (0x4)

.preinit_array  0x0800191c        0x0
                0x0800191c                        . = ALIGN (0x4)
                0x0800191c                        PROVIDE (__preinit_array_start = .)
 *(.preinit_array*)
                0x0800191c                        PROVIDE (__preinit_array_end = .)
                0x0800191c                        . = ALIGN (0x4)

.init_array     0x0800191c        0x4
                0x0800191c                        . = ALIGN (0x4)
                0x0800191c                        PROVIDE (__init_array_start = .)
 *(SORT_BY_NAME(.init_array.*))
 *(.init_array*)
 .init_array    0x0800191c        0x4 /opt/st/stm32cubeide_1.15.0/plugins/com.st.stm32cube.ide.mcu.externaltools.gnu-tools-for-stm32.12.3.rel1.linux64_1.0.100.202403111256/tools/bin/../lib/gcc/arm-none-eabi/12.3.1/thumb/v7e-m+fp/hard/crtbegin.o
                0x08001920                        PROVIDE (__init_array_end = .)
                0x08001920                        . = ALIGN (0x4)

.fini_array     0x08001920        0x4
                0x08001920                        . = ALIGN (0x4)
                [!provide]                        PROVIDE (__fini_array_start = .)
 *(SORT_BY_NAME(.fini_array.*))
 *(.fini_array*)
 .fini_array    0x08001920        0x4 /opt/st/stm32cubeide_1.15.0/plugins/com.st.stm32cube.ide.mcu.externaltools.gnu-tools-for-stm32.12.3.rel1.linux64_1.0.100.202403111256/tools/bin/../lib/gcc/arm-none-eabi/12.3.1/thumb/v7e-m+fp/hard/crtbegin.o
                [!provide]                        PROVIDE (__fini_array_end = .)
                0x08001924                        . = ALIGN (0x4)
                0x08001924                        _sidata = LOADADDR (.data)

.rel.dyn        0x08001924        0x0
 .rel.iplt      0x08001924        0x0 /opt/st/stm32cubeide_1.15.0/plugins/com.st.stm32cube.ide.mcu.externaltools.gnu-tools-for-stm32.12.3.rel1.linux64_1.0.100.202403111256/tools/bin/../lib/gcc/arm-none-eabi/12.3.1/thumb/v7e-m+fp/hard/crtbegin.o

.data           0x20000000       0x5c load address 0x08001924
                0x20000000                        . = ALIGN (0x4)
                0x20000000                        _sdata = .
 *(.data)
 *(.data*)
 .data.SystemCoreClock
                0x20000000        0x4 ./Src/system_stm32f4xx.o
                0x20000000                SystemCoreClock
 .data.uxTopUsedPriority
                0x20000004        0x4 ./ThirdParty/FreeRTOS/tasks.o
                0x20000004                uxTopUsedPriority
 .data.uxCriticalNesting
                0x20000008        0x4 ./ThirdParty/FreeRTOS/portable/GCC/ARM_CM4F/port.o
 .data._impure_ptr
                0x2000000c        0x4 /opt/st/stm32cubeide_1.15.0/plugins/com.st.stm32cube.ide.mcu.externaltools.gnu-tools-for-stm32.12.3.rel1.linux64_1.0.100.202403111256/tools/bin/../lib/gcc/arm-none-eabi/12.3.1/../../../../arm-none-eabi/lib/thumb/v7e-m+fp/hard/libc_nano.a(libc_a-impure.o)
                0x2000000c                _impure_ptr
 .data._impure_data
                0x20000010       0x4c /opt/st/stm32cubeide_1.15.0/plugins/com.st.stm32cube.ide.mcu.externaltools.gnu-tools-for-stm32.12.3.rel1.linux64_1.0.100.202403111256/tools/bin/../lib/gcc/arm-none-eabi/12.3.1/../../../../arm-none-eabi/lib/thumb/v7e-m+fp/hard/libc_nano.a(libc_a-impure.o)
                0x20000010                _impure_data
 *(.RamFunc)
 *(.RamFunc*)
                0x2000005c                        . = ALIGN (0x4)
                0x2000005c                        _edata = .
                0x08001980                        _siccmram = LOADADDR (.ccmram)

.igot.plt       0x2000005c        0x0 load address 0x08001980
 .igot.plt      0x2000005c        0x0 /opt/st/stm32cubeide_1.15.0/plugins/com.st.stm32cube.ide.mcu.externaltools.gnu-tools-for-stm32.12.3.rel1.linux64_1.0.100.202403111256/tools/bin/../lib/gcc/arm-none-eabi/12.3.1/thumb/v7e-m+fp/hard/crtbegin.o

.ccmram         0x10000000        0x0 load address 0x08001980
                0x10000000                        . = ALIGN (0x4)
                0x10000000                        _sccmram = .
 *(.ccmram)
 *(.ccmram*)
                0x10000000                        . = ALIGN (0x4)
                0x10000000                        _eccmram = .
                0x10000000                        . = ALIGN (0x4)

.bss            0x2000005c     0x3eb0
                0x2000005c                        _sbss = .
                0x2000005c                        __bss_start__ = _sbss
 *(.bss)
 .bss           0x2000005c       0x1c /opt/st/stm32cubeide_1.15.0/plugins/com.st.stm32cube.ide.mcu.externaltools.gnu-tools-for-stm32.12.3.rel1.linux64_1.0.100.202403111256/tools/bin/../lib/gcc/arm-none-eabi/12.3.1/thumb/v7e-m+fp/hard/crtbegin.o
 *(.bss*)
 .bss.pxCurrentTCB
                0x20000078        0x4 ./ThirdParty/FreeRTOS/tasks.o
                0x20000078                pxCurrentTCB
 .bss.pxReadyTasksLists
                0x2000007c       0x8c ./ThirdParty/FreeRTOS/tasks.o
 .bss.xDelayedTaskList1
                0x20000108       0x14 ./ThirdParty/FreeRTOS/tasks.o
 .bss.xDelayedTaskList2
                0x2000011c       0x14 ./ThirdParty/FreeRTOS/tasks.o
 .bss.pxDelayedTaskList
                0x20000130        0x4 ./ThirdParty/FreeRTOS/tasks.o
 .bss.pxOverflowDelayedTaskList
                0x20000134        0x4 ./ThirdParty/FreeRTOS/tasks.o
 .bss.xPendingReadyList
                0x20000138       0x14 ./ThirdParty/FreeRTOS/tasks.o
 .bss.xTasksWaitingTermination
                0x2000014c       0x14 ./ThirdParty/FreeRTOS/tasks.o
 .bss.uxDeletedTasksWaitingCleanUp
                0x20000160        0x4 ./ThirdParty/FreeRTOS/tasks.o
 .bss.xSuspendedTaskList
                0x20000164       0x14 ./ThirdParty/FreeRTOS/tasks.o
 .bss.uxCurrentNumberOfTasks
                0x20000178        0x4 ./ThirdParty/FreeRTOS/tasks.o
 .bss.xTickCount
                0x2000017c        0x4 ./ThirdParty/FreeRTOS/tasks.o
 .bss.uxTopReadyPriority
                0x20000180        0x4 ./ThirdParty/FreeRTOS/tasks.o
 .bss.xSchedulerRunning
                0x20000184        0x4 ./ThirdParty/FreeRTOS/tasks.o
 .bss.xPendedTicks
                0x20000188        0x4 ./ThirdParty/FreeRTOS/tasks.o
 .bss.xYieldPending
                0x2000018c        0x4 ./ThirdParty/FreeRTOS/tasks.o
 .bss.xNumOfOverflows
                0x20000190        0x4 ./ThirdParty/FreeRTOS/tasks.o
 .bss.uxTaskNumber
                0x20000194        0x4 ./ThirdParty/FreeRTOS/tasks.o
 .bss.xNextTaskUnblockTime
                0x20000198        0x4 ./ThirdParty/FreeRTOS/tasks.o
 .bss.xIdleTaskHandle
                0x2000019c        0x4 ./ThirdParty/FreeRTOS/tasks.o
 .bss.uxSchedulerSuspended
                0x200001a0        0x4 ./ThirdParty/FreeRTOS/tasks.o
 .bss.ucMaxSysCallPriority
                0x200001a4        0x1 ./ThirdParty/FreeRTOS/portable/GCC/ARM_CM4F/port.o
 *fill*         0x200001a5        0x3 
 .bss.ulMaxPRIGROUPValue
                0x200001a8        0x4 ./ThirdParty/FreeRTOS/portable/GCC/ARM_CM4F/port.o
 .bss.ucHeap    0x200001ac     0x3c00 ./ThirdParty/FreeRTOS/portable/MemMang/heap_4.o
 .bss.xStart    0x20003dac        0x8 ./ThirdParty/FreeRTOS/portable/MemMang/heap_4.o
 .bss.pxEnd     0x20003db4        0x4 ./ThirdParty/FreeRTOS/portable/MemMang/heap_4.o
 .bss.xFreeBytesRemaining
                0x20003db8        0x4 ./ThirdParty/FreeRTOS/portable/MemMang/heap_4.o
 .bss.xMinimumEverFreeBytesRemaining
                0x20003dbc        0x4 ./ThirdParty/FreeRTOS/portable/MemMang/heap_4.o
 .bss.xNumberOfSuccessfulAllocations
                0x20003dc0        0x4 ./ThirdParty/FreeRTOS/portable/MemMang/heap_4.o
 .bss.xNumberOfSuccessfulFrees
                0x20003dc4        0x4 ./ThirdParty/FreeRTOS/portable/MemMang/heap_4.o
 .bss.xBlockAllocatedBit
                0x20003dc8        0x4 ./ThirdParty/FreeRTOS/portable/MemMang/heap_4.o
 .bss.__sf      0x20003dcc      0x138 /opt/st/stm32cubeide_1.15.0/plugins/com.st.stm32cube.ide.mcu.externaltools.gnu-tools-for-stm32.12.3.rel1.linux64_1.0.100.202403111256/tools/bin/../lib/gcc/arm-none-eabi/12.3.1/../../../../arm-none-eabi/lib/thumb/v7e-m+fp/hard/libc_nano.a(libc_a-findfp.o)
                0x20003dcc                __sf
 .bss.__lock___malloc_recursive_mutex
                0x20003f04        0x1 /opt/st/stm32cubeide_1.15.0/plugins/com.st.stm32cube.ide.mcu.externaltools.gnu-tools-for-stm32.12.3.rel1.linux64_1.0.100.202403111256/tools/bin/../lib/gcc/arm-none-eabi/12.3.1/../../../../arm-none-eabi/lib/thumb/v7e-m+fp/hard/libc_nano.a(libc_a-lock.o)
                0x20003f04                __lock___malloc_recursive_mutex
 *fill*         0x20003f05        0x3 
 .bss.__malloc_free_list
                0x20003f08        0x4 /opt/st/stm32cubeide_1.15.0/plugins/com.st.stm32cube.ide.mcu.externaltools.gnu-tools-for-stm32.12.3.rel1.linux64_1.0.100.202403111256/tools/bin/../lib/gcc/arm-none-eabi/12.3.1/../../../../arm-none-eabi/lib/thumb/v7e-m+fp/hard/libc_nano.a(libc_a-mallocr.o)
                0x20003f08                __malloc_free_list
 *(COMMON)
                0x20003f0c                        . = ALIGN (0x4)
                0x20003f0c                        _ebss = .
                0x20003f0c                        __bss_end__ = _ebss

._user_heap_stack
                0x20003f0c      0x604
                0x20003f10                        . = ALIGN (0x8)
 *fill*         0x20003f0c        0x4 
                [!provide]                        PROVIDE (end = .)
                0x20003f10                        PROVIDE (_end = .)
                0x20004110                        . = (. + _Min_Heap_Size)
 *fill*         0x20003f10      0x200 
                0x20004510                        . = (. + _Min_Stack_Size)
 *fill*         0x20004110      0x400 
                0x20004510                        . = ALIGN (0x8)

/DISCARD/
 libc.a(*)
 libm.a(*)
 libgcc.a(*)

.ARM.attributes
                0x00000000       0x30
 *(.ARM.attributes)
 .ARM.attributes
                0x00000000       0x22 /opt/st/stm32cubeide_1.15.0/plugins/com.st.stm32cube.ide.mcu.externaltools.gnu-tools-for-stm32.12.3.rel1.linux64_1.0.100.202403111256/tools/bin/../lib/gcc/arm-none-eabi/12.3.1/thumb/v7e-m+fp/hard/crti.o
 .ARM.attributes
                0x00000022       0x34 /opt/st/stm32cubeide_1.15.0/plugins/com.st.stm32cube.ide.mcu.externaltools.gnu-tools-for-stm32.12.3.rel1.linux64_1.0.100.202403111256/tools/bin/../lib/gcc/arm-none-eabi/12.3.1/thumb/v7e-m+fp/hard/crtbegin.o
 .ARM.attributes
                0x00000056       0x34 ./Src/main.o
 .ARM.attributes
                0x0000008a       0x34 ./Src/system_stm32f4xx.o
 .ARM.attributes
                0x000000be       0x34 ./Src/uart.o
 .ARM.attributes
                0x000000f2       0x21 ./Startup/startup_stm32f407vgtx.o
 .ARM.attributes
                0x00000113       0x34 ./ThirdParty/FreeRTOS/list.o
 .ARM.attributes
                0x00000147       0x34 ./ThirdParty/FreeRTOS/tasks.o
 .ARM.attributes
                0x0000017b       0x34 ./ThirdParty/FreeRTOS/portable/GCC/ARM_CM4F/port.o
 .ARM.attributes
                0x000001af       0x34 ./ThirdParty/FreeRTOS/portable/MemMang/heap_4.o
 .ARM.attributes
                0x000001e3       0x34 /opt/st/stm32cubeide_1.15.0/plugins/com.st.stm32cube.ide.mcu.externaltools.gnu-tools-for-stm32.12.3.rel1.linux64_1.0.100.202403111256/tools/bin/../lib/gcc/arm-none-eabi/12.3.1/../../../../arm-none-eabi/lib/thumb/v7e-m+fp/hard/libc_nano.a(libc_a-findfp.o)
 .ARM.attributes
                0x00000217       0x34 /opt/st/stm32cubeide_1.15.0/plugins/com.st.stm32cube.ide.mcu.externaltools.gnu-tools-for-stm32.12.3.rel1.linux64_1.0.100.202403111256/tools/bin/../lib/gcc/arm-none-eabi/12.3.1/../../../../arm-none-eabi/lib/thumb/v7e-m+fp/hard/libc_nano.a(libc_a-memset.o)
 .ARM.attributes
                0x0000024b       0x34 /opt/st/stm32cubeide_1.15.0/plugins/com.st.stm32cube.ide.mcu.externaltools.gnu-tools-for-stm32.12.3.rel1.linux64_1.0.100.202403111256/tools/bin/../lib/gcc/arm-none-eabi/12.3.1/../../../../arm-none-eabi/lib/thumb/v7e-m+fp/hard/libc_nano.a(libc_a-reent.o)
 .ARM.attributes
                0x0000027f       0x34 /opt/st/stm32cubeide_1.15.0/plugins/com.st.stm32cube.ide.mcu.externaltools.gnu-tools-for-stm32.12.3.rel1.linux64_1.0.100.202403111256/tools/bin/../lib/gcc/arm-none-eabi/12.3.1/../../../../arm-none-eabi/lib/thumb/v7e-m+fp/hard/libc_nano.a(libc_a-impure.o)
 .ARM.attributes
                0x000002b3       0x34 /opt/st/stm32cubeide_1.15.0/plugins/com.st.stm32cube.ide.mcu.externaltools.gnu-tools-for-stm32.12.3.rel1.linux64_1.0.100.202403111256/tools/bin/../lib/gcc/arm-none-eabi/12.3.1/../../../../arm-none-eabi/lib/thumb/v7e-m+fp/hard/libc_nano.a(libc_a-init.o)
 .ARM.attributes
                0x000002e7       0x34 /opt/st/stm32cubeide_1.15.0/plugins/com.st.stm32cube.ide.mcu.externaltools.gnu-tools-for-stm32.12.3.rel1.linux64_1.0.100.202403111256/tools/bin/../lib/gcc/arm-none-eabi/12.3.1/../../../../arm-none-eabi/lib/thumb/v7e-m+fp/hard/libc_nano.a(libc_a-lock.o)
 .ARM.attributes
                0x0000031b       0x34 /opt/st/stm32cubeide_1.15.0/plugins/com.st.stm32cube.ide.mcu.externaltools.gnu-tools-for-stm32.12.3.rel1.linux64_1.0.100.202403111256/tools/bin/../lib/gcc/arm-none-eabi/12.3.1/../../../../arm-none-eabi/lib/thumb/v7e-m+fp/hard/libc_nano.a(libc_a-freer.o)
 .ARM.attributes
                0x0000034f       0x34 /opt/st/stm32cubeide_1.15.0/plugins/com.st.stm32cube.ide.mcu.externaltools.gnu-tools-for-stm32.12.3.rel1.linux64_1.0.100.202403111256/tools/bin/../lib/gcc/arm-none-eabi/12.3.1/../../../../arm-none-eabi/lib/thumb/v7e-m+fp/hard/libc_nano.a(libc_a-mallocr.o)
 .ARM.attributes
                0x00000383       0x34 /opt/st/stm32cubeide_1.15.0/plugins/com.st.stm32cube.ide.mcu.externaltools.gnu-tools-for-stm32.12.3.rel1.linux64_1.0.100.202403111256/tools/bin/../lib/gcc/arm-none-eabi/12.3.1/../../../../arm-none-eabi/lib/thumb/v7e-m+fp/hard/libc_nano.a(libc_a-mlock.o)
 .ARM.attributes
                0x000003b7       0x22 /opt/st/stm32cubeide_1.15.0/plugins/com.st.stm32cube.ide.mcu.externaltools.gnu-tools-for-stm32.12.3.rel1.linux64_1.0.100.202403111256/tools/bin/../lib/gcc/arm-none-eabi/12.3.1/thumb/v7e-m+fp/hard/crtn.o
OUTPUT(Day3_1.elf elf32-littlearm)
LOAD linker stubs
LOAD /opt/st/stm32cubeide_1.15.0/plugins/com.st.stm32cube.ide.mcu.externaltools.gnu-tools-for-stm32.12.3.rel1.linux64_1.0.100.202403111256/tools/bin/../lib/gcc/arm-none-eabi/12.3.1/../../../../arm-none-eabi/lib/thumb/v7e-m+fp/hard/libc.a
LOAD /opt/st/stm32cubeide_1.15.0/plugins/com.st.stm32cube.ide.mcu.externaltools.gnu-tools-for-stm32.12.3.rel1.linux64_1.0.100.202403111256/tools/bin/../lib/gcc/arm-none-eabi/12.3.1/../../../../arm-none-eabi/lib/thumb/v7e-m+fp/hard/libm.a
LOAD /opt/st/stm32cubeide_1.15.0/plugins/com.st.stm32cube.ide.mcu.externaltools.gnu-tools-for-stm32.12.3.rel1.linux64_1.0.100.202403111256/tools/bin/../lib/gcc/arm-none-eabi/12.3.1/thumb/v7e-m+fp/hard/libgcc.a

.debug_info     0x00000000     0x3a5d
 .debug_info    0x00000000      0x18d ./Src/main.o
 .debug_info    0x0000018d      0x53c ./Src/system_stm32f4xx.o
 .debug_info    0x000006c9      0x410 ./Src/uart.o
 .debug_info    0x00000ad9       0x30 ./Startup/startup_stm32f407vgtx.o
 .debug_info    0x00000b09      0x2af ./ThirdParty/FreeRTOS/list.o
 .debug_info    0x00000db8     0x22ef ./ThirdParty/FreeRTOS/tasks.o
 .debug_info    0x000030a7      0x4e1 ./ThirdParty/FreeRTOS/portable/GCC/ARM_CM4F/port.o
 .debug_info    0x00003588      0x4d5 ./ThirdParty/FreeRTOS/portable/MemMang/heap_4.o

.debug_abbrev   0x00000000      0xcec
 .debug_abbrev  0x00000000       0xe8 ./Src/main.o
 .debug_abbrev  0x000000e8      0x158 ./Src/system_stm32f4xx.o
 .debug_abbrev  0x00000240      0x149 ./Src/uart.o
 .debug_abbrev  0x00000389       0x24 ./Startup/startup_stm32f407vgtx.o
 .debug_abbrev  0x000003ad       0xf5 ./ThirdParty/FreeRTOS/list.o
 .debug_abbrev  0x000004a2      0x3d3 ./ThirdParty/FreeRTOS/tasks.o
 .debug_abbrev  0x00000875      0x25a ./ThirdParty/FreeRTOS/portable/GCC/ARM_CM4F/port.o
 .debug_abbrev  0x00000acf      0x21d ./ThirdParty/FreeRTOS/portable/MemMang/heap_4.o

.debug_aranges  0x00000000      0x398
 .debug_aranges
                0x00000000       0x28 ./Src/main.o
 .debug_aranges
                0x00000028       0x38 ./Src/system_stm32f4xx.o
 .debug_aranges
                0x00000060       0x40 ./Src/uart.o
 .debug_aranges
                0x000000a0       0x28 ./Startup/startup_stm32f407vgtx.o
 .debug_aranges
                0x000000c8       0x40 ./ThirdParty/FreeRTOS/list.o
 .debug_aranges
                0x00000108      0x1b8 ./ThirdParty/FreeRTOS/tasks.o
 .debug_aranges
                0x000002c0       0x80 ./ThirdParty/FreeRTOS/portable/GCC/ARM_CM4F/port.o
 .debug_aranges
                0x00000340       0x58 ./ThirdParty/FreeRTOS/portable/MemMang/heap_4.o

.debug_rnglists
                0x00000000      0x2ad
 .debug_rnglists
                0x00000000       0x19 ./Src/main.o
 .debug_rnglists
                0x00000019       0x26 ./Src/system_stm32f4xx.o
 .debug_rnglists
                0x0000003f       0x2c ./Src/uart.o
 .debug_rnglists
                0x0000006b       0x19 ./Startup/startup_stm32f407vgtx.o
 .debug_rnglists
                0x00000084       0x2b ./ThirdParty/FreeRTOS/list.o
 .debug_rnglists
                0x000000af      0x15f ./ThirdParty/FreeRTOS/tasks.o
 .debug_rnglists
                0x0000020e       0x5d ./ThirdParty/FreeRTOS/portable/GCC/ARM_CM4F/port.o
 .debug_rnglists
                0x0000026b       0x42 ./ThirdParty/FreeRTOS/portable/MemMang/heap_4.o

.debug_macro    0x00000000    0x19125
 .debug_macro   0x00000000      0x21b ./Src/main.o
 .debug_macro   0x0000021b       0x61 ./Src/main.o
 .debug_macro   0x0000027c       0x2a ./Src/main.o
 .debug_macro   0x000002a6       0x43 ./Src/main.o
 .debug_macro   0x000002e9       0x34 ./Src/main.o
 .debug_macro   0x0000031d       0x16 ./Src/main.o
 .debug_macro   0x00000333       0x9e ./Src/main.o
 .debug_macro   0x000003d1      0x369 ./Src/main.o
 .debug_macro   0x0000073a      0x10b ./Src/main.o
 .debug_macro   0x00000845       0x10 ./Src/main.o
 .debug_macro   0x00000855       0x16 ./Src/main.o
 .debug_macro   0x0000086b       0x43 ./Src/main.o
 .debug_macro   0x000008ae       0x34 ./Src/main.o
 .debug_macro   0x000008e2       0x10 ./Src/main.o
 .debug_macro   0x000008f2       0x58 ./Src/main.o
 .debug_macro   0x0000094a       0x8e ./Src/main.o
 .debug_macro   0x000009d8       0x1c ./Src/main.o
 .debug_macro   0x000009f4      0x177 ./Src/main.o
 .debug_macro   0x00000b6b       0x16 ./Src/main.o
 .debug_macro   0x00000b81       0x16 ./Src/main.o
 .debug_macro   0x00000b97      0x146 ./Src/main.o
 .debug_macro   0x00000cdd       0xf1 ./Src/main.o
 .debug_macro   0x00000dce      0x15a ./Src/main.o
 .debug_macro   0x00000f28       0xe4 ./Src/main.o
 .debug_macro   0x0000100c       0x1c ./Src/main.o
 .debug_macro   0x00001028       0x26 ./Src/main.o
 .debug_macro   0x0000104e       0x16 ./Src/main.o
 .debug_macro   0x00001064       0x35 ./Src/main.o
 .debug_macro   0x00001099      0x50c ./Src/main.o
 .debug_macro   0x000015a5       0x2e ./Src/main.o
 .debug_macro   0x000015d3       0x2f ./Src/main.o
 .debug_macro   0x00001602       0x1c ./Src/main.o
 .debug_macro   0x0000161e       0x22 ./Src/main.o
 .debug_macro   0x00001640       0xd9 ./Src/main.o
 .debug_macro   0x00001719     0x102d ./Src/main.o
 .debug_macro   0x00002746      0x11f ./Src/main.o
 .debug_macro   0x00002865       0x11 ./Src/main.o
 .debug_macro   0x00002876    0x15e3c ./Src/main.o
 .debug_macro   0x000186b2       0x4a ./Src/main.o
 .debug_macro   0x000186fc       0x28 ./Src/main.o
 .debug_macro   0x00018724       0xe0 ./Src/system_stm32f4xx.o
 .debug_macro   0x00018804       0xee ./Src/uart.o
 .debug_macro   0x000188f2      0x1a5 ./ThirdParty/FreeRTOS/list.o
 .debug_macro   0x00018a97      0x28b ./ThirdParty/FreeRTOS/tasks.o
 .debug_macro   0x00018d22       0x10 ./ThirdParty/FreeRTOS/tasks.o
 .debug_macro   0x00018d32      0x233 ./ThirdParty/FreeRTOS/portable/GCC/ARM_CM4F/port.o
 .debug_macro   0x00018f65      0x1c0 ./ThirdParty/FreeRTOS/portable/MemMang/heap_4.o

.debug_line     0x00000000     0x41c8
 .debug_line    0x00000000      0x638 ./Src/main.o
 .debug_line    0x00000638      0x4d6 ./Src/system_stm32f4xx.o
 .debug_line    0x00000b0e      0x544 ./Src/uart.o
 .debug_line    0x00001052       0x7b ./Startup/startup_stm32f407vgtx.o
 .debug_line    0x000010cd      0x699 ./ThirdParty/FreeRTOS/list.o
 .debug_line    0x00001766     0x1930 ./ThirdParty/FreeRTOS/tasks.o
 .debug_line    0x00003096      0x874 ./ThirdParty/FreeRTOS/portable/GCC/ARM_CM4F/port.o
 .debug_line    0x0000390a      0x8be ./ThirdParty/FreeRTOS/portable/MemMang/heap_4.o

.debug_str      0x00000000    0x92e48
 .debug_str     0x00000000    0x8e568 ./Src/main.o
                              0x8e778 (size before relaxing)
 .debug_str     0x0008e568      0x2a2 ./Src/system_stm32f4xx.o
                              0x87ddb (size before relaxing)
 .debug_str     0x0008e80a       0x96 ./Src/uart.o
                              0x87d5c (size before relaxing)
 .debug_str     0x0008e8a0       0x3f ./Startup/startup_stm32f407vgtx.o
                                 0x70 (size before relaxing)
 .debug_str     0x0008e8df      0x9f6 ./ThirdParty/FreeRTOS/list.o
                               0xac62 (size before relaxing)
 .debug_str     0x0008f2d5     0x30f3 ./ThirdParty/FreeRTOS/tasks.o
                               0xde04 (size before relaxing)
 .debug_str     0x000923c8      0x767 ./ThirdParty/FreeRTOS/portable/GCC/ARM_CM4F/port.o
                               0xaf95 (size before relaxing)
 .debug_str     0x00092b2f      0x319 ./ThirdParty/FreeRTOS/portable/MemMang/heap_4.o
                               0xc12b (size before relaxing)

.comment        0x00000000       0x43
 .comment       0x00000000       0x43 ./Src/main.o
                                 0x44 (size before relaxing)
 .comment       0x00000043       0x44 ./Src/system_stm32f4xx.o
 .comment       0x00000043       0x44 ./Src/uart.o
 .comment       0x00000043       0x44 ./ThirdParty/FreeRTOS/list.o
 .comment       0x00000043       0x44 ./ThirdParty/FreeRTOS/tasks.o
 .comment       0x00000043       0x44 ./ThirdParty/FreeRTOS/portable/GCC/ARM_CM4F/port.o
 .comment       0x00000043       0x44 ./ThirdParty/FreeRTOS/portable/MemMang/heap_4.o

.debug_frame    0x00000000      0xfe8
 .debug_frame   0x00000000       0x50 ./Src/main.o
 .debug_frame   0x00000050       0x84 ./Src/system_stm32f4xx.o
 .debug_frame   0x000000d4       0xd0 ./Src/uart.o
 .debug_frame   0x000001a4       0xd8 ./ThirdParty/FreeRTOS/list.o
 .debug_frame   0x0000027c      0x768 ./ThirdParty/FreeRTOS/tasks.o
 .debug_frame   0x000009e4      0x1a8 ./ThirdParty/FreeRTOS/portable/GCC/ARM_CM4F/port.o
 .debug_frame   0x00000b8c      0x12c ./ThirdParty/FreeRTOS/portable/MemMang/heap_4.o
 .debug_frame   0x00000cb8      0x144 /opt/st/stm32cubeide_1.15.0/plugins/com.st.stm32cube.ide.mcu.externaltools.gnu-tools-for-stm32.12.3.rel1.linux64_1.0.100.202403111256/tools/bin/../lib/gcc/arm-none-eabi/12.3.1/../../../../arm-none-eabi/lib/thumb/v7e-m+fp/hard/libc_nano.a(libc_a-findfp.o)
 .debug_frame   0x00000dfc       0x20 /opt/st/stm32cubeide_1.15.0/plugins/com.st.stm32cube.ide.mcu.externaltools.gnu-tools-for-stm32.12.3.rel1.linux64_1.0.100.202403111256/tools/bin/../lib/gcc/arm-none-eabi/12.3.1/../../../../arm-none-eabi/lib/thumb/v7e-m+fp/hard/libc_nano.a(libc_a-memset.o)
 .debug_frame   0x00000e1c       0x38 /opt/st/stm32cubeide_1.15.0/plugins/com.st.stm32cube.ide.mcu.externaltools.gnu-tools-for-stm32.12.3.rel1.linux64_1.0.100.202403111256/tools/bin/../lib/gcc/arm-none-eabi/12.3.1/../../../../arm-none-eabi/lib/thumb/v7e-m+fp/hard/libc_nano.a(libc_a-reent.o)
 .debug_frame   0x00000e54       0x2c /opt/st/stm32cubeide_1.15.0/plugins/com.st.stm32cube.ide.mcu.externaltools.gnu-tools-for-stm32.12.3.rel1.linux64_1.0.100.202403111256/tools/bin/../lib/gcc/arm-none-eabi/12.3.1/../../../../arm-none-eabi/lib/thumb/v7e-m+fp/hard/libc_nano.a(libc_a-init.o)
 .debug_frame   0x00000e80       0xb0 /opt/st/stm32cubeide_1.15.0/plugins/com.st.stm32cube.ide.mcu.externaltools.gnu-tools-for-stm32.12.3.rel1.linux64_1.0.100.202403111256/tools/bin/../lib/gcc/arm-none-eabi/12.3.1/../../../../arm-none-eabi/lib/thumb/v7e-m+fp/hard/libc_nano.a(libc_a-lock.o)
 .debug_frame   0x00000f30       0x38 /opt/st/stm32cubeide_1.15.0/plugins/com.st.stm32cube.ide.mcu.externaltools.gnu-tools-for-stm32.12.3.rel1.linux64_1.0.100.202403111256/tools/bin/../lib/gcc/arm-none-eabi/12.3.1/../../../../arm-none-eabi/lib/thumb/v7e-m+fp/hard/libc_nano.a(libc_a-freer.o)
 .debug_frame   0x00000f68       0x50 /opt/st/stm32cubeide_1.15.0/plugins/com.st.stm32cube.ide.mcu.externaltools.gnu-tools-for-stm32.12.3.rel1.linux64_1.0.100.202403111256/tools/bin/../lib/gcc/arm-none-eabi/12.3.1/../../../../arm-none-eabi/lib/thumb/v7e-m+fp/hard/libc_nano.a(libc_a-mallocr.o)
 .debug_frame   0x00000fb8       0x30 /opt/st/stm32cubeide_1.15.0/plugins/com.st.stm32cube.ide.mcu.externaltools.gnu-tools-for-stm32.12.3.rel1.linux64_1.0.100.202403111256/tools/bin/../lib/gcc/arm-none-eabi/12.3.1/../../../../arm-none-eabi/lib/thumb/v7e-m+fp/hard/libc_nano.a(libc_a-mlock.o)

.debug_loclists
                0x00000000       0x1f
 .debug_loclists
                0x00000000       0x1f ./Src/system_stm32f4xx.o

.debug_line_str
                0x00000000       0x54
 .debug_line_str
                0x00000000       0x54 ./Startup/startup_stm32f407vgtx.o
