Archive member included to satisfy reference by file (symbol)

/opt/st/stm32cubeide_1.15.0/plugins/com.st.stm32cube.ide.mcu.externaltools.gnu-tools-for-stm32.12.3.rel1.linux64_1.0.100.202403111256/tools/bin/../lib/gcc/arm-none-eabi/12.3.1/../../../../arm-none-eabi/lib/thumb/v7e-m+fp/hard/libc_nano.a(libc_a-exit.o)
                              /opt/st/stm32cubeide_1.15.0/plugins/com.st.stm32cube.ide.mcu.externaltools.gnu-tools-for-stm32.12.3.rel1.linux64_1.0.100.202403111256/tools/bin/../lib/gcc/arm-none-eabi/12.3.1/../../../../arm-none-eabi/lib/thumb/v7e-m+fp/hard/crt0.o (exit)
/opt/st/stm32cubeide_1.15.0/plugins/com.st.stm32cube.ide.mcu.externaltools.gnu-tools-for-stm32.12.3.rel1.linux64_1.0.100.202403111256/tools/bin/../lib/gcc/arm-none-eabi/12.3.1/../../../../arm-none-eabi/lib/thumb/v7e-m+fp/hard/libc_nano.a(libc_a-findfp.o)
                              ./LedFolder/FreeRTOS/tasks.o (__sf)
/opt/st/stm32cubeide_1.15.0/plugins/com.st.stm32cube.ide.mcu.externaltools.gnu-tools-for-stm32.12.3.rel1.linux64_1.0.100.202403111256/tools/bin/../lib/gcc/arm-none-eabi/12.3.1/../../../../arm-none-eabi/lib/thumb/v7e-m+fp/hard/libc_nano.a(libc_a-fwalk.o)
                              /opt/st/stm32cubeide_1.15.0/plugins/com.st.stm32cube.ide.mcu.externaltools.gnu-tools-for-stm32.12.3.rel1.linux64_1.0.100.202403111256/tools/bin/../lib/gcc/arm-none-eabi/12.3.1/../../../../arm-none-eabi/lib/thumb/v7e-m+fp/hard/libc_nano.a(libc_a-findfp.o) (_fwalk_sglue)
/opt/st/stm32cubeide_1.15.0/plugins/com.st.stm32cube.ide.mcu.externaltools.gnu-tools-for-stm32.12.3.rel1.linux64_1.0.100.202403111256/tools/bin/../lib/gcc/arm-none-eabi/12.3.1/../../../../arm-none-eabi/lib/thumb/v7e-m+fp/hard/libc_nano.a(libc_a-stdio.o)
                              /opt/st/stm32cubeide_1.15.0/plugins/com.st.stm32cube.ide.mcu.externaltools.gnu-tools-for-stm32.12.3.rel1.linux64_1.0.100.202403111256/tools/bin/../lib/gcc/arm-none-eabi/12.3.1/../../../../arm-none-eabi/lib/thumb/v7e-m+fp/hard/libc_nano.a(libc_a-findfp.o) (__sread)
/opt/st/stm32cubeide_1.15.0/plugins/com.st.stm32cube.ide.mcu.externaltools.gnu-tools-for-stm32.12.3.rel1.linux64_1.0.100.202403111256/tools/bin/../lib/gcc/arm-none-eabi/12.3.1/../../../../arm-none-eabi/lib/thumb/v7e-m+fp/hard/libc_nano.a(libc_a-memset.o)
                              /opt/st/stm32cubeide_1.15.0/plugins/com.st.stm32cube.ide.mcu.externaltools.gnu-tools-for-stm32.12.3.rel1.linux64_1.0.100.202403111256/tools/bin/../lib/gcc/arm-none-eabi/12.3.1/../../../../arm-none-eabi/lib/thumb/v7e-m+fp/hard/crt0.o (memset)
/opt/st/stm32cubeide_1.15.0/plugins/com.st.stm32cube.ide.mcu.externaltools.gnu-tools-for-stm32.12.3.rel1.linux64_1.0.100.202403111256/tools/bin/../lib/gcc/arm-none-eabi/12.3.1/../../../../arm-none-eabi/lib/thumb/v7e-m+fp/hard/libc_nano.a(libc_a-closer.o)
                              /opt/st/stm32cubeide_1.15.0/plugins/com.st.stm32cube.ide.mcu.externaltools.gnu-tools-for-stm32.12.3.rel1.linux64_1.0.100.202403111256/tools/bin/../lib/gcc/arm-none-eabi/12.3.1/../../../../arm-none-eabi/lib/thumb/v7e-m+fp/hard/libc_nano.a(libc_a-stdio.o) (_close_r)
/opt/st/stm32cubeide_1.15.0/plugins/com.st.stm32cube.ide.mcu.externaltools.gnu-tools-for-stm32.12.3.rel1.linux64_1.0.100.202403111256/tools/bin/../lib/gcc/arm-none-eabi/12.3.1/../../../../arm-none-eabi/lib/thumb/v7e-m+fp/hard/libc_nano.a(libc_a-reent.o)
                              ./LedFolder/FreeRTOS/tasks.o (_reclaim_reent)
/opt/st/stm32cubeide_1.15.0/plugins/com.st.stm32cube.ide.mcu.externaltools.gnu-tools-for-stm32.12.3.rel1.linux64_1.0.100.202403111256/tools/bin/../lib/gcc/arm-none-eabi/12.3.1/../../../../arm-none-eabi/lib/thumb/v7e-m+fp/hard/libc_nano.a(libc_a-impure.o)
                              ./LedFolder/FreeRTOS/tasks.o (_impure_ptr)
/opt/st/stm32cubeide_1.15.0/plugins/com.st.stm32cube.ide.mcu.externaltools.gnu-tools-for-stm32.12.3.rel1.linux64_1.0.100.202403111256/tools/bin/../lib/gcc/arm-none-eabi/12.3.1/../../../../arm-none-eabi/lib/thumb/v7e-m+fp/hard/libc_nano.a(libc_a-lseekr.o)
                              /opt/st/stm32cubeide_1.15.0/plugins/com.st.stm32cube.ide.mcu.externaltools.gnu-tools-for-stm32.12.3.rel1.linux64_1.0.100.202403111256/tools/bin/../lib/gcc/arm-none-eabi/12.3.1/../../../../arm-none-eabi/lib/thumb/v7e-m+fp/hard/libc_nano.a(libc_a-stdio.o) (_lseek_r)
/opt/st/stm32cubeide_1.15.0/plugins/com.st.stm32cube.ide.mcu.externaltools.gnu-tools-for-stm32.12.3.rel1.linux64_1.0.100.202403111256/tools/bin/../lib/gcc/arm-none-eabi/12.3.1/../../../../arm-none-eabi/lib/thumb/v7e-m+fp/hard/libc_nano.a(libc_a-readr.o)
                              /opt/st/stm32cubeide_1.15.0/plugins/com.st.stm32cube.ide.mcu.externaltools.gnu-tools-for-stm32.12.3.rel1.linux64_1.0.100.202403111256/tools/bin/../lib/gcc/arm-none-eabi/12.3.1/../../../../arm-none-eabi/lib/thumb/v7e-m+fp/hard/libc_nano.a(libc_a-stdio.o) (_read_r)
[...]
Memory Configuration

Name             Origin             Length             Attributes
CCMRAM           0x10000000         0x00010000         xrw
RAM              0x20000000         0x00020000         xrw
FLASH            0x08000000         0x00100000         xr
*default*        0x00000000         0xffffffff

Linker script and memory map

LOAD /opt/st/stm32cubeide_1.15.0/plugins/com.st.stm32cube.ide.mcu.externaltools.gnu-tools-for-stm32.12.3.rel1.linux64_1.0.100.202403111256/tools/bin/../lib/gcc/arm-none-eabi/12.3.1/thumb/v7e-m+fp/hard/crti.o
LOAD /opt/st/stm32cubeide_1.15.0/plugins/com.st.stm32cube.ide.mcu.externaltools.gnu-tools-for-stm32.12.3.rel1.linux64_1.0.100.202403111256/tools/bin/../lib/gcc/arm-none-eabi/12.3.1/thumb/v7e-m+fp/hard/crtbegin.o
LOAD /opt/st/stm32cubeide_1.15.0/plugins/com.st.stm32cube.ide.mcu.externaltools.gnu-tools-for-stm32.12.3.rel1.linux64_1.0.100.202403111256/tools/bin/../lib/gcc/arm-none-eabi/12.3.1/../../../../arm-none-eabi/lib/thumb/v7e-m+fp/hard/crt0.o
LOAD ./LedFolder/FreeRTOS/croutine.o
LOAD ./LedFolder/FreeRTOS/event_groups.o
LOAD ./LedFolder/FreeRTOS/list.o
LOAD ./LedFolder/FreeRTOS/queue.o
LOAD ./LedFolder/FreeRTOS/stream_buffer.o
LOAD ./LedFolder/FreeRTOS/tasks.o
LOAD ./LedFolder/FreeRTOS/timers.o
LOAD ./LedFolder/FreeRTOS/portable/GCC/ARM_CM4F/port.o
LOAD ./LedFolder/FreeRTOS/portable/MemMang/heap_4.o
LOAD ./Src/itm.o
LOAD ./Src/led.o
LOAD ./Src/main.o
LOAD ./Src/syscalls.o
LOAD ./Src/sysmem.o
LOAD ./Src/system_stm32f4xx.o
LOAD ./Startup/startup_stm32f407vgtx.o
START GROUP
LOAD /opt/st/stm32cubeide_1.15.0/plugins/com.st.stm32cube.ide.mcu.externaltools.gnu-tools-for-stm32.12.3.rel1.linux64_1.0.100.202403111256/tools/bin/../lib/gcc/arm-none-eabi/12.3.1/../../../../arm-none-eabi/lib/thumb/v7e-m+fp/hard/libc_nano.a
LOAD /opt/st/stm32cubeide_1.15.0/plugins/com.st.stm32cube.ide.mcu.externaltools.gnu-tools-for-stm32.12.3.rel1.linux64_1.0.100.202403111256/tools/bin/../lib/gcc/arm-none-eabi/12.3.1/../../../../arm-none-eabi/lib/thumb/v7e-m+fp/hard/libm.a
END GROUP
START GROUP
LOAD /opt/st/stm32cubeide_1.15.0/plugins/com.st.stm32cube.ide.mcu.externaltools.gnu-tools-for-stm32.12.3.rel1.linux64_1.0.100.202403111256/tools/bin/../lib/gcc/arm-none-eabi/12.3.1/thumb/v7e-m+fp/hard/libgcc.a
LOAD /opt/st/stm32cubeide_1.15.0/plugins/com.st.stm32cube.ide.mcu.externaltools.gnu-tools-for-stm32.12.3.rel1.linux64_1.0.100.202403111256/tools/bin/../lib/gcc/arm-none-eabi/12.3.1/../../../../arm-none-eabi/lib/thumb/v7e-m+fp/hard/libc_nano.a
END GROUP
START GROUP
LOAD /opt/st/stm32cubeide_1.15.0/plugins/com.st.stm32cube.ide.mcu.externaltools.gnu-tools-for-stm32.12.3.rel1.linux64_1.0.100.202403111256/tools/bin/../lib/gcc/arm-none-eabi/12.3.1/thumb/v7e-m+fp/hard/libgcc.a
LOAD /opt/st/stm32cubeide_1.15.0/plugins/com.st.stm32cube.ide.mcu.externaltools.gnu-tools-for-stm32.12.3.rel1.linux64_1.0.100.202403111256/tools/bin/../lib/gcc/arm-none-eabi/12.3.1/../../../../arm-none-eabi/lib/thumb/v7e-m+fp/hard/libc_nano.a
LOAD /opt/st/stm32cubeide_1.15.0/plugins/com.st.stm32cube.ide.mcu.externaltools.gnu-tools-for-stm32.12.3.rel1.linux64_1.0.100.202403111256/tools/bin/../lib/gcc/arm-none-eabi/12.3.1/../../../../arm-none-eabi/lib/thumb/v7e-m+fp/hard/libnosys.a
END GROUP
START GROUP
LOAD /opt/st/stm32cubeide_1.15.0/plugins/com.st.stm32cube.ide.mcu.externaltools.gnu-tools-for-stm32.12.3.rel1.linux64_1.0.100.202403111256/tools/bin/../lib/gcc/arm-none-eabi/12.3.1/thumb/v7e-m+fp/hard/libgcc.a
LOAD /opt/st/stm32cubeide_1.15.0/plugins/com.st.stm32cube.ide.mcu.externaltools.gnu-tools-for-stm32.12.3.rel1.linux64_1.0.100.202403111256/tools/bin/../lib/gcc/arm-none-eabi/12.3.1/../../../../arm-none-eabi/lib/thumb/v7e-m+fp/hard/libc_nano.a
LOAD /opt/st/stm32cubeide_1.15.0/plugins/com.st.stm32cube.ide.mcu.externaltools.gnu-tools-for-stm32.12.3.rel1.linux64_1.0.100.202403111256/tools/bin/../lib/gcc/arm-none-eabi/12.3.1/../../../../arm-none-eabi/lib/thumb/v7e-m+fp/hard/libnosys.a
END GROUP
LOAD /opt/st/stm32cubeide_1.15.0/plugins/com.st.stm32cube.ide.mcu.externaltools.gnu-tools-for-stm32.12.3.rel1.linux64_1.0.100.202403111256/tools/bin/../lib/gcc/arm-none-eabi/12.3.1/thumb/v7e-m+fp/hard/crtend.o
LOAD /opt/st/stm32cubeide_1.15.0/plugins/com.st.stm32cube.ide.mcu.externaltools.gnu-tools-for-stm32.12.3.rel1.linux64_1.0.100.202403111256/tools/bin/../lib/gcc/arm-none-eabi/12.3.1/thumb/v7e-m+fp/hard/crtn.o
                0x20020000                        _estack = (ORIGIN (RAM) + LENGTH (RAM))
                0x00000200                        _Min_Heap_Size = 0x200
                0x00000400                        _Min_Stack_Size = 0x400

.isr_vector     0x08000000      0x188
                0x08000000                        . = ALIGN (0x4)
 *(.isr_vector)
 .isr_vector    0x08000000      0x188 ./Startup/startup_stm32f407vgtx.o
                0x08000000                g_pfnVectors
                0x08000188                        . = ALIGN (0x4)

.text           0x08000190     0x195c
                0x08000190                        . = ALIGN (0x4)
 *(.text)
 .text          0x08000190       0x40 /opt/st/stm32cubeide_1.15.0/plugins/com.st.stm32cube.ide.mcu.externaltools.gnu-tools-for-stm32.12.3.rel1.linux64_1.0.100.202403111256/tools/bin/../lib/gcc/arm-none-eabi/12.3.1/thumb/v7e-m+fp/hard/crtbegin.o
 *(.text*)
 .text.vListInitialise
                0x080001d0       0x40 ./LedFolder/FreeRTOS/list.o
                0x080001d0                vListInitialise
 .text.vListInitialiseItem
                0x08000210       0x1a ./LedFolder/FreeRTOS/list.o
                0x08000210                vListInitialiseItem
 .text.vListInsertEnd
                0x0800022a       0x48 ./LedFolder/FreeRTOS/list.o
                0x0800022a                vListInsertEnd
 .text.vListInsert
                0x08000272       0x72 ./LedFolder/FreeRTOS/list.o
                0x08000272                vListInsert
 .text.uxListRemove
                0x080002e4       0x54 ./LedFolder/FreeRTOS/list.o
                0x080002e4                uxListRemove
 .text.xTaskCreate
                0x08000338       0x82 ./LedFolder/FreeRTOS/tasks.o
                0x08000338                xTaskCreate
 *fill*         0x080003ba        0x2 
 .text.prvInitialiseNewTask
                0x080003bc      0x14c ./LedFolder/FreeRTOS/tasks.o
 .text.prvAddNewTaskToReadyList
                0x08000508       0xd4 ./LedFolder/FreeRTOS/tasks.o
 .text.xTaskDelayUntil
                0x080005dc      0x104 ./LedFolder/FreeRTOS/tasks.o
                0x080005dc                xTaskDelayUntil
 .text.vTaskStartScheduler
                0x080006e0       0xac ./LedFolder/FreeRTOS/tasks.o
                0x080006e0                vTaskStartScheduler
 .text.vTaskSuspendAll
                0x0800078c       0x1c ./LedFolder/FreeRTOS/tasks.o
                0x0800078c                vTaskSuspendAll
 .text.xTaskResumeAll
                0x080007a8      0x13c ./LedFolder/FreeRTOS/tasks.o
                0x080007a8                xTaskResumeAll
 .text.xTaskGetTickCount
                0x080008e4       0x20 ./LedFolder/FreeRTOS/tasks.o
                0x080008e4                xTaskGetTickCount
 .text.xTaskIncrementTick
                0x08000904      0x174 ./LedFolder/FreeRTOS/tasks.o
                0x08000904                xTaskIncrementTick
 .text.vTaskSwitchContext
                0x08000a78       0xc8 ./LedFolder/FreeRTOS/tasks.o
                0x08000a78                vTaskSwitchContext
 .text.prvIdleTask
                0x08000b40       0x30 ./LedFolder/FreeRTOS/tasks.o
 .text.prvInitialiseTaskLists
                0x08000b70       0x80 ./LedFolder/FreeRTOS/tasks.o
 .text.prvCheckTasksWaitingTermination
                0x08000bf0       0x5c ./LedFolder/FreeRTOS/tasks.o
 .text.prvDeleteTCB
                0x08000c4c       0x2a ./LedFolder/FreeRTOS/tasks.o
 *fill*         0x08000c76        0x2 
 .text.prvResetNextTaskUnblockTime
                0x08000c78       0x38 ./LedFolder/FreeRTOS/tasks.o
 .text.prvAddCurrentTaskToDelayedList
                0x08000cb0       0xcc ./LedFolder/FreeRTOS/tasks.o
 .text.pxPortInitialiseStack
                0x08000d7c       0x68 ./LedFolder/FreeRTOS/portable/GCC/ARM_CM4F/port.o
                0x08000d7c                pxPortInitialiseStack
 .text.prvTaskExitError
                0x08000de4       0x5c ./LedFolder/FreeRTOS/portable/GCC/ARM_CM4F/port.o
 .text.SVC_Handler
                0x08000e40       0x28 ./LedFolder/FreeRTOS/portable/GCC/ARM_CM4F/port.o
                0x08000e40                SVC_Handler
 .text.prvPortStartFirstTask
                0x08000e68       0x2c ./LedFolder/FreeRTOS/portable/GCC/ARM_CM4F/port.o
 .text.xPortStartScheduler
                0x08000e94      0x148 ./LedFolder/FreeRTOS/portable/GCC/ARM_CM4F/port.o
                0x08000e94                xPortStartScheduler
 .text.vPortEnterCritical
                0x08000fdc       0x64 ./LedFolder/FreeRTOS/portable/GCC/ARM_CM4F/port.o
                0x08000fdc                vPortEnterCritical
 .text.vPortExitCritical
                0x08001040       0x54 ./LedFolder/FreeRTOS/portable/GCC/ARM_CM4F/port.o
                0x08001040                vPortExitCritical
 *fill*         0x08001094        0xc 
 .text.PendSV_Handler
                0x080010a0       0x68 ./LedFolder/FreeRTOS/portable/GCC/ARM_CM4F/port.o
                0x080010a0                PendSV_Handler
 .text.SysTick_Handler
                0x08001108       0x44 ./LedFolder/FreeRTOS/portable/GCC/ARM_CM4F/port.o
                0x08001108                SysTick_Handler
 .text.vPortSetupTimerInterrupt
                0x0800114c       0x48 ./LedFolder/FreeRTOS/portable/GCC/ARM_CM4F/port.o
                0x0800114c                vPortSetupTimerInterrupt
 .text.vPortEnableVFP
                0x08001194       0x18 ./LedFolder/FreeRTOS/portable/GCC/ARM_CM4F/port.o
 .text.pvPortMalloc
                0x080011ac      0x19c ./LedFolder/FreeRTOS/portable/MemMang/heap_4.o
                0x080011ac                pvPortMalloc
 .text.vPortFree
                0x08001348       0xc8 ./LedFolder/FreeRTOS/portable/MemMang/heap_4.o
                0x08001348                vPortFree
 .text.prvHeapInit
                0x08001410       0xc4 ./LedFolder/FreeRTOS/portable/MemMang/heap_4.o
 .text.prvInsertBlockIntoFreeList
                0x080014d4       0xb4 ./LedFolder/FreeRTOS/portable/MemMang/heap_4.o
 .text.LedInit  0x08001588       0xb8 ./Src/led.o
                0x08001588                LedInit
 .text.LedOn    0x08001640       0x2c ./Src/led.o
                0x08001640                LedOn
 .text.LedOff   0x0800166c       0x30 ./Src/led.o
                0x0800166c                LedOff
 .text.vLEDTask1
                0x0800169c       0x3a ./Src/main.o
                0x0800169c                vLEDTask1
 .text.vLEDTask2
                0x080016d6       0x3a ./Src/main.o
                0x080016d6                vLEDTask2
 .text.vLEDTask3
                0x08001710       0x3a ./Src/main.o
                0x08001710                vLEDTask3
 .text.vLEDTask4
                0x0800174a       0x38 ./Src/main.o
                0x0800174a                vLEDTask4
 *fill*         0x08001782        0x2 
 .text.main     0x08001784       0xc8 ./Src/main.o
                0x08001784                main
 .text.SystemInit
                0x0800184c       0x20 ./Src/system_stm32f4xx.o
                0x0800184c                SystemInit
 .text.DWT_Init
                0x0800186c       0x60 ./Src/system_stm32f4xx.o
                0x0800186c                DWT_Init
 .text.Reset_Handler
                0x080018cc       0x50 ./Startup/startup_stm32f407vgtx.o
                0x080018cc                Reset_Handler
 .text.Default_Handler
                0x0800191c        0x2 ./Startup/startup_stm32f407vgtx.o
                0x0800191c                RTC_Alarm_IRQHandler
                0x0800191c                HASH_RNG_IRQHandler
                0x0800191c                EXTI2_IRQHandler
                0x0800191c                TIM8_CC_IRQHandler
                0x0800191c                DebugMon_Handler
                0x0800191c                TIM1_CC_IRQHandler
                0x0800191c                DMA2_Stream5_IRQHandler
                0x0800191c                HardFault_Handler
                0x0800191c                DMA1_Stream5_IRQHandler
                0x0800191c                PVD_IRQHandler
                0x0800191c                SDIO_IRQHandler
                0x0800191c                TAMP_STAMP_IRQHandler
                0x0800191c                NMI_Handler
                0x0800191c                CAN2_RX1_IRQHandler
                0x0800191c                EXTI3_IRQHandler
                0x0800191c                TIM8_TRG_COM_TIM14_IRQHandler
                0x0800191c                TIM1_UP_TIM10_IRQHandler
                0x0800191c                TIM8_UP_TIM13_IRQHandler
                0x0800191c                I2C3_ER_IRQHandler
                0x0800191c                EXTI0_IRQHandler
                0x0800191c                I2C2_EV_IRQHandler
                0x0800191c                DMA1_Stream2_IRQHandler
                0x0800191c                CAN1_RX0_IRQHandler
                0x0800191c                FPU_IRQHandler
                0x0800191c                OTG_HS_WKUP_IRQHandler
                0x0800191c                UsageFault_Handler
                0x0800191c                CAN2_SCE_IRQHandler
                0x0800191c                DMA2_Stream2_IRQHandler
                0x0800191c                SPI1_IRQHandler
                0x0800191c                TIM6_DAC_IRQHandler
                0x0800191c                TIM1_BRK_TIM9_IRQHandler
                0x0800191c                DCMI_IRQHandler
                0x0800191c                CAN2_RX0_IRQHandler
                0x0800191c                DMA2_Stream3_IRQHandler
                0x0800191c                USART6_IRQHandler
                0x0800191c                USART3_IRQHandler
                0x0800191c                CRYP_IRQHandler
                0x0800191c                CAN1_RX1_IRQHandler
                0x0800191c                UART5_IRQHandler
                0x0800191c                DMA2_Stream0_IRQHandler
                0x0800191c                TIM4_IRQHandler
                0x0800191c                I2C1_EV_IRQHandler
                0x0800191c                DMA1_Stream6_IRQHandler
                0x0800191c                DMA1_Stream1_IRQHandler
                0x0800191c                UART4_IRQHandler
                0x0800191c                TIM3_IRQHandler
                0x0800191c                RCC_IRQHandler
                0x0800191c                TIM8_BRK_TIM12_IRQHandler
                0x0800191c                Default_Handler
                0x0800191c                EXTI15_10_IRQHandler
                0x0800191c                ADC_IRQHandler
                0x0800191c                DMA1_Stream7_IRQHandler
                0x0800191c                TIM7_IRQHandler
                0x0800191c                CAN2_TX_IRQHandler
                0x0800191c                TIM5_IRQHandler
                0x0800191c                DMA2_Stream7_IRQHandler
                0x0800191c                I2C3_EV_IRQHandler
                0x0800191c                EXTI9_5_IRQHandler
                0x0800191c                RTC_WKUP_IRQHandler
                0x0800191c                ETH_WKUP_IRQHandler
                0x0800191c                SPI2_IRQHandler
                0x0800191c                OTG_HS_EP1_IN_IRQHandler
                0x0800191c                MemManage_Handler
                0x0800191c                DMA1_Stream0_IRQHandler
                0x0800191c                CAN1_TX_IRQHandler
                0x0800191c                EXTI4_IRQHandler
                0x0800191c                FSMC_IRQHandler
                0x0800191c                ETH_IRQHandler
                0x0800191c                OTG_HS_EP1_OUT_IRQHandler
                0x0800191c                WWDG_IRQHandler
                0x0800191c                TIM2_IRQHandler
                0x0800191c                OTG_FS_WKUP_IRQHandler
                0x0800191c                TIM1_TRG_COM_TIM11_IRQHandler
                0x0800191c                OTG_HS_IRQHandler
                0x0800191c                EXTI1_IRQHandler
                0x0800191c                USART2_IRQHandler
                0x0800191c                I2C2_ER_IRQHandler
                0x0800191c                DMA2_Stream1_IRQHandler
                0x0800191c                CAN1_SCE_IRQHandler
                0x0800191c                DMA2_Stream4_IRQHandler
                0x0800191c                BusFault_Handler
                0x0800191c                USART1_IRQHandler
                0x0800191c                OTG_FS_IRQHandler
                0x0800191c                SPI3_IRQHandler
                0x0800191c                DMA1_Stream4_IRQHandler
                0x0800191c                I2C1_ER_IRQHandler
                0x0800191c                DMA2_Stream6_IRQHandler
                0x0800191c                DMA1_Stream3_IRQHandler
 .text.memset   0x0800191e       0x10 /opt/st/stm32cubeide_1.15.0/plugins/com.st.stm32cube.ide.mcu.externaltools.gnu-tools-for-stm32.12.3.rel1.linux64_1.0.100.202403111256/tools/bin/../lib/gcc/arm-none-eabi/12.3.1/../../../../arm-none-eabi/lib/thumb/v7e-m+fp/hard/libc_nano.a(libc_a-memset.o)
                0x0800191e                memset
 *fill*         0x0800192e        0x2 
 .text._reclaim_reent
                0x08001930       0xac /opt/st/stm32cubeide_1.15.0/plugins/com.st.stm32cube.ide.mcu.externaltools.gnu-tools-for-stm32.12.3.rel1.linux64_1.0.100.202403111256/tools/bin/../lib/gcc/arm-none-eabi/12.3.1/../../../../arm-none-eabi/lib/thumb/v7e-m+fp/hard/libc_nano.a(libc_a-reent.o)
                0x08001930                _reclaim_reent
 .text.__libc_init_array
                0x080019dc       0x48 /opt/st/stm32cubeide_1.15.0/plugins/com.st.stm32cube.ide.mcu.externaltools.gnu-tools-for-stm32.12.3.rel1.linux64_1.0.100.202403111256/tools/bin/../lib/gcc/arm-none-eabi/12.3.1/../../../../arm-none-eabi/lib/thumb/v7e-m+fp/hard/libc_nano.a(libc_a-init.o)
                0x080019dc                __libc_init_array
 .text.__retarget_lock_acquire_recursive
                0x08001a24        0x2 /opt/st/stm32cubeide_1.15.0/plugins/com.st.stm32cube.ide.mcu.externaltools.gnu-tools-for-stm32.12.3.rel1.linux64_1.0.100.202403111256/tools/bin/../lib/gcc/arm-none-eabi/12.3.1/../../../../arm-none-eabi/lib/thumb/v7e-m+fp/hard/libc_nano.a(libc_a-lock.o)
                0x08001a24                __retarget_lock_acquire_recursive
 .text.__retarget_lock_release_recursive
                0x08001a26        0x2 /opt/st/stm32cubeide_1.15.0/plugins/com.st.stm32cube.ide.mcu.externaltools.gnu-tools-for-stm32.12.3.rel1.linux64_1.0.100.202403111256/tools/bin/../lib/gcc/arm-none-eabi/12.3.1/../../../../arm-none-eabi/lib/thumb/v7e-m+fp/hard/libc_nano.a(libc_a-lock.o)
                0x08001a26                __retarget_lock_release_recursive
 .text._free_r  0x08001a28       0x94 /opt/st/stm32cubeide_1.15.0/plugins/com.st.stm32cube.ide.mcu.externaltools.gnu-tools-for-stm32.12.3.rel1.linux64_1.0.100.202403111256/tools/bin/../lib/gcc/arm-none-eabi/12.3.1/../../../../arm-none-eabi/lib/thumb/v7e-m+fp/hard/libc_nano.a(libc_a-freer.o)
                0x08001a28                _free_r
 .text.__malloc_lock
                0x08001abc        0xc /opt/st/stm32cubeide_1.15.0/plugins/com.st.stm32cube.ide.mcu.externaltools.gnu-tools-for-stm32.12.3.rel1.linux64_1.0.100.202403111256/tools/bin/../lib/gcc/arm-none-eabi/12.3.1/../../../../arm-none-eabi/lib/thumb/v7e-m+fp/hard/libc_nano.a(libc_a-mlock.o)
                0x08001abc                __malloc_lock
 .text.__malloc_unlock
                0x08001ac8        0xc /opt/st/stm32cubeide_1.15.0/plugins/com.st.stm32cube.ide.mcu.externaltools.gnu-tools-for-stm32.12.3.rel1.linux64_1.0.100.202403111256/tools/bin/../lib/gcc/arm-none-eabi/12.3.1/../../../../arm-none-eabi/lib/thumb/v7e-m+fp/hard/libc_nano.a(libc_a-mlock.o)
                0x08001ac8                __malloc_unlock
 *(.glue_7)
 .glue_7        0x08001ad4        0x0 linker stubs
 *(.glue_7t)
 .glue_7t       0x08001ad4        0x0 linker stubs
 *(.eh_frame)
 .eh_frame      0x08001ad4        0x0 /opt/st/stm32cubeide_1.15.0/plugins/com.st.stm32cube.ide.mcu.externaltools.gnu-tools-for-stm32.12.3.rel1.linux64_1.0.100.202403111256/tools/bin/../lib/gcc/arm-none-eabi/12.3.1/thumb/v7e-m+fp/hard/crtbegin.o
 *(.init)
 .init          0x08001ad4        0x4 /opt/st/stm32cubeide_1.15.0/plugins/com.st.stm32cube.ide.mcu.externaltools.gnu-tools-for-stm32.12.3.rel1.linux64_1.0.100.202403111256/tools/bin/../lib/gcc/arm-none-eabi/12.3.1/thumb/v7e-m+fp/hard/crti.o
                0x08001ad4                _init
 .init          0x08001ad8        0x8 /opt/st/stm32cubeide_1.15.0/plugins/com.st.stm32cube.ide.mcu.externaltools.gnu-tools-for-stm32.12.3.rel1.linux64_1.0.100.202403111256/tools/bin/../lib/gcc/arm-none-eabi/12.3.1/thumb/v7e-m+fp/hard/crtn.o
 *(.fini)
 .fini          0x08001ae0        0x4 /opt/st/stm32cubeide_1.15.0/plugins/com.st.stm32cube.ide.mcu.externaltools.gnu-tools-for-stm32.12.3.rel1.linux64_1.0.100.202403111256/tools/bin/../lib/gcc/arm-none-eabi/12.3.1/thumb/v7e-m+fp/hard/crti.o
                0x08001ae0                _fini
 .fini          0x08001ae4        0x8 /opt/st/stm32cubeide_1.15.0/plugins/com.st.stm32cube.ide.mcu.externaltools.gnu-tools-for-stm32.12.3.rel1.linux64_1.0.100.202403111256/tools/bin/../lib/gcc/arm-none-eabi/12.3.1/thumb/v7e-m+fp/hard/crtn.o
                0x08001aec                        . = ALIGN (0x4)
                0x08001aec                        _etext = .

.vfp11_veneer   0x08001aec        0x0
 .vfp11_veneer  0x08001aec        0x0 linker stubs

.v4_bx          0x08001aec        0x0
 .v4_bx         0x08001aec        0x0 linker stubs

.iplt           0x08001aec        0x0
 .iplt          0x08001aec        0x0 /opt/st/stm32cubeide_1.15.0/plugins/com.st.stm32cube.ide.mcu.externaltools.gnu-tools-for-stm32.12.3.rel1.linux64_1.0.100.202403111256/tools/bin/../lib/gcc/arm-none-eabi/12.3.1/thumb/v7e-m+fp/hard/crtbegin.o

.rodata         0x08001aec       0x48
                0x08001aec                        . = ALIGN (0x4)
 *(.rodata)
 .rodata        0x08001aec        0x5 ./LedFolder/FreeRTOS/tasks.o
 *fill*         0x08001af1        0x3 
 .rodata        0x08001af4       0x3d ./Src/main.o
 *(.rodata*)
                0x08001b34                        . = ALIGN (0x4)
 *fill*         0x08001b31        0x3 

.ARM.extab      0x08001b34        0x0
                0x08001b34                        . = ALIGN (0x4)
 *(.ARM.extab* .gnu.linkonce.armextab.*)
                0x08001b34                        . = ALIGN (0x4)

.ARM            0x08001b34        0x0
                0x08001b34                        . = ALIGN (0x4)
                0x08001b34                        __exidx_start = .
 *(.ARM.exidx*)
                0x08001b34                        __exidx_end = .
                0x08001b34                        . = ALIGN (0x4)

.preinit_array  0x08001b34        0x0
                0x08001b34                        . = ALIGN (0x4)
                0x08001b34                        PROVIDE (__preinit_array_start = .)
 *(.preinit_array*)
                0x08001b34                        PROVIDE (__preinit_array_end = .)
                0x08001b34                        . = ALIGN (0x4)

.init_array     0x08001b34        0x4
                0x08001b34                        . = ALIGN (0x4)
                0x08001b34                        PROVIDE (__init_array_start = .)
 *(SORT_BY_NAME(.init_array.*))
 *(.init_array*)
 .init_array    0x08001b34        0x4 /opt/st/stm32cubeide_1.15.0/plugins/com.st.stm32cube.ide.mcu.externaltools.gnu-tools-for-stm32.12.3.rel1.linux64_1.0.100.202403111256/tools/bin/../lib/gcc/arm-none-eabi/12.3.1/thumb/v7e-m+fp/hard/crtbegin.o
                0x08001b38                        PROVIDE (__init_array_end = .)
                0x08001b38                        . = ALIGN (0x4)

.fini_array     0x08001b38        0x4
                0x08001b38                        . = ALIGN (0x4)
                [!provide]                        PROVIDE (__fini_array_start = .)
 *(SORT_BY_NAME(.fini_array.*))
 *(.fini_array*)
 .fini_array    0x08001b38        0x4 /opt/st/stm32cubeide_1.15.0/plugins/com.st.stm32cube.ide.mcu.externaltools.gnu-tools-for-stm32.12.3.rel1.linux64_1.0.100.202403111256/tools/bin/../lib/gcc/arm-none-eabi/12.3.1/thumb/v7e-m+fp/hard/crtbegin.o
                [!provide]                        PROVIDE (__fini_array_end = .)
                0x08001b3c                        . = ALIGN (0x4)
                0x08001b3c                        _sidata = LOADADDR (.data)

.rel.dyn        0x08001b3c        0x0
 .rel.iplt      0x08001b3c        0x0 /opt/st/stm32cubeide_1.15.0/plugins/com.st.stm32cube.ide.mcu.externaltools.gnu-tools-for-stm32.12.3.rel1.linux64_1.0.100.202403111256/tools/bin/../lib/gcc/arm-none-eabi/12.3.1/thumb/v7e-m+fp/hard/crtbegin.o

.data           0x20000000       0x5c load address 0x08001b3c
                0x20000000                        . = ALIGN (0x4)
                0x20000000                        _sdata = .
 *(.data)
 *(.data*)
 .data.uxTopUsedPriority
                0x20000000        0x4 ./LedFolder/FreeRTOS/tasks.o
                0x20000000                uxTopUsedPriority
 .data.uxCriticalNesting
                0x20000004        0x4 ./LedFolder/FreeRTOS/portable/GCC/ARM_CM4F/port.o
 .data.SystemCoreClock
                0x20000008        0x4 ./Src/system_stm32f4xx.o
                0x20000008                SystemCoreClock
 .data._impure_ptr
                0x2000000c        0x4 /opt/st/stm32cubeide_1.15.0/plugins/com.st.stm32cube.ide.mcu.externaltools.gnu-tools-for-stm32.12.3.rel1.linux64_1.0.100.202403111256/tools/bin/../lib/gcc/arm-none-eabi/12.3.1/../../../../arm-none-eabi/lib/thumb/v7e-m+fp/hard/libc_nano.a(libc_a-impure.o)
                0x2000000c                _impure_ptr
 .data._impure_data
                0x20000010       0x4c /opt/st/stm32cubeide_1.15.0/plugins/com.st.stm32cube.ide.mcu.externaltools.gnu-tools-for-stm32.12.3.rel1.linux64_1.0.100.202403111256/tools/bin/../lib/gcc/arm-none-eabi/12.3.1/../../../../arm-none-eabi/lib/thumb/v7e-m+fp/hard/libc_nano.a(libc_a-impure.o)
                0x20000010                _impure_data
 *(.RamFunc)
 *(.RamFunc*)
                0x2000005c                        . = ALIGN (0x4)
                0x2000005c                        _edata = .
                0x08001b98                        _siccmram = LOADADDR (.ccmram)

.igot.plt       0x2000005c        0x0 load address 0x08001b98
 .igot.plt      0x2000005c        0x0 /opt/st/stm32cubeide_1.15.0/plugins/com.st.stm32cube.ide.mcu.externaltools.gnu-tools-for-stm32.12.3.rel1.linux64_1.0.100.202403111256/tools/bin/../lib/gcc/arm-none-eabi/12.3.1/thumb/v7e-m+fp/hard/crtbegin.o

.ccmram         0x10000000        0x0 load address 0x08001b98
                0x10000000                        . = ALIGN (0x4)
                0x10000000                        _sccmram = .
 *(.ccmram)
 *(.ccmram*)
                0x10000000                        . = ALIGN (0x4)
                0x10000000                        _eccmram = .
                0x10000000                        . = ALIGN (0x4)

.bss            0x2000005c     0x3eb0
                0x2000005c                        _sbss = .
                0x2000005c                        __bss_start__ = _sbss
 *(.bss)
 .bss           0x2000005c       0x1c /opt/st/stm32cubeide_1.15.0/plugins/com.st.stm32cube.ide.mcu.externaltools.gnu-tools-for-stm32.12.3.rel1.linux64_1.0.100.202403111256/tools/bin/../lib/gcc/arm-none-eabi/12.3.1/thumb/v7e-m+fp/hard/crtbegin.o
 *(.bss*)
 .bss.pxCurrentTCB
                0x20000078        0x4 ./LedFolder/FreeRTOS/tasks.o
                0x20000078                pxCurrentTCB
 .bss.pxReadyTasksLists
                0x2000007c       0x8c ./LedFolder/FreeRTOS/tasks.o
 .bss.xDelayedTaskList1
                0x20000108       0x14 ./LedFolder/FreeRTOS/tasks.o
 .bss.xDelayedTaskList2
                0x2000011c       0x14 ./LedFolder/FreeRTOS/tasks.o
 .bss.pxDelayedTaskList
                0x20000130        0x4 ./LedFolder/FreeRTOS/tasks.o
 .bss.pxOverflowDelayedTaskList
                0x20000134        0x4 ./LedFolder/FreeRTOS/tasks.o
 .bss.xPendingReadyList
                0x20000138       0x14 ./LedFolder/FreeRTOS/tasks.o
 .bss.xTasksWaitingTermination
                0x2000014c       0x14 ./LedFolder/FreeRTOS/tasks.o
 .bss.uxDeletedTasksWaitingCleanUp
                0x20000160        0x4 ./LedFolder/FreeRTOS/tasks.o
 .bss.xSuspendedTaskList
                0x20000164       0x14 ./LedFolder/FreeRTOS/tasks.o
 .bss.uxCurrentNumberOfTasks
                0x20000178        0x4 ./LedFolder/FreeRTOS/tasks.o
 .bss.xTickCount
                0x2000017c        0x4 ./LedFolder/FreeRTOS/tasks.o
 .bss.uxTopReadyPriority
                0x20000180        0x4 ./LedFolder/FreeRTOS/tasks.o
 .bss.xSchedulerRunning
                0x20000184        0x4 ./LedFolder/FreeRTOS/tasks.o
 .bss.xPendedTicks
                0x20000188        0x4 ./LedFolder/FreeRTOS/tasks.o
 .bss.xYieldPending
                0x2000018c        0x4 ./LedFolder/FreeRTOS/tasks.o
 .bss.xNumOfOverflows
                0x20000190        0x4 ./LedFolder/FreeRTOS/tasks.o
 .bss.uxTaskNumber
                0x20000194        0x4 ./LedFolder/FreeRTOS/tasks.o
 .bss.xNextTaskUnblockTime
                0x20000198        0x4 ./LedFolder/FreeRTOS/tasks.o
 .bss.xIdleTaskHandle
                0x2000019c        0x4 ./LedFolder/FreeRTOS/tasks.o
 .bss.uxSchedulerSuspended
                0x200001a0        0x4 ./LedFolder/FreeRTOS/tasks.o
 .bss.ucMaxSysCallPriority
                0x200001a4        0x1 ./LedFolder/FreeRTOS/portable/GCC/ARM_CM4F/port.o
 *fill*         0x200001a5        0x3 
 .bss.ulMaxPRIGROUPValue
                0x200001a8        0x4 ./LedFolder/FreeRTOS/portable/GCC/ARM_CM4F/port.o
 .bss.ucHeap    0x200001ac     0x3c00 ./LedFolder/FreeRTOS/portable/MemMang/heap_4.o
 .bss.xStart    0x20003dac        0x8 ./LedFolder/FreeRTOS/portable/MemMang/heap_4.o
 .bss.pxEnd     0x20003db4        0x4 ./LedFolder/FreeRTOS/portable/MemMang/heap_4.o
 .bss.xFreeBytesRemaining
                0x20003db8        0x4 ./LedFolder/FreeRTOS/portable/MemMang/heap_4.o
 .bss.xMinimumEverFreeBytesRemaining
                0x20003dbc        0x4 ./LedFolder/FreeRTOS/portable/MemMang/heap_4.o
 .bss.xNumberOfSuccessfulAllocations
                0x20003dc0        0x4 ./LedFolder/FreeRTOS/portable/MemMang/heap_4.o
 .bss.xNumberOfSuccessfulFrees
                0x20003dc4        0x4 ./LedFolder/FreeRTOS/portable/MemMang/heap_4.o
 .bss.xBlockAllocatedBit
                0x20003dc8        0x4 ./LedFolder/FreeRTOS/portable/MemMang/heap_4.o
 .bss.__sf      0x20003dcc      0x138 /opt/st/stm32cubeide_1.15.0/plugins/com.st.stm32cube.ide.mcu.externaltools.gnu-tools-for-stm32.12.3.rel1.linux64_1.0.100.202403111256/tools/bin/../lib/gcc/arm-none-eabi/12.3.1/../../../../arm-none-eabi/lib/thumb/v7e-m+fp/hard/libc_nano.a(libc_a-findfp.o)
                0x20003dcc                __sf
 .bss.__lock___malloc_recursive_mutex
                0x20003f04        0x1 /opt/st/stm32cubeide_1.15.0/plugins/com.st.stm32cube.ide.mcu.externaltools.gnu-tools-for-stm32.12.3.rel1.linux64_1.0.100.202403111256/tools/bin/../lib/gcc/arm-none-eabi/12.3.1/../../../../arm-none-eabi/lib/thumb/v7e-m+fp/hard/libc_nano.a(libc_a-lock.o)
                0x20003f04                __lock___malloc_recursive_mutex
 *fill*         0x20003f05        0x3 
 .bss.__malloc_free_list
                0x20003f08        0x4 /opt/st/stm32cubeide_1.15.0/plugins/com.st.stm32cube.ide.mcu.externaltools.gnu-tools-for-stm32.12.3.rel1.linux64_1.0.100.202403111256/tools/bin/../lib/gcc/arm-none-eabi/12.3.1/../../../../arm-none-eabi/lib/thumb/v7e-m+fp/hard/libc_nano.a(libc_a-mallocr.o)
                0x20003f08                __malloc_free_list
 *(COMMON)
                0x20003f0c                        . = ALIGN (0x4)
                0x20003f0c                        _ebss = .
                0x20003f0c                        __bss_end__ = _ebss

._user_heap_stack
                0x20003f0c      0x604
                0x20003f10                        . = ALIGN (0x8)
 *fill*         0x20003f0c        0x4 
                [!provide]                        PROVIDE (end = .)
                0x20003f10                        PROVIDE (_end = .)
                0x20004110                        . = (. + _Min_Heap_Size)
 *fill*         0x20003f10      0x200 
                0x20004510                        . = (. + _Min_Stack_Size)
 *fill*         0x20004110      0x400 
                0x20004510                        . = ALIGN (0x8)

/DISCARD/
 libc.a(*)
 libm.a(*)
 libgcc.a(*)

.ARM.attributes
                0x00000000       0x30
 *(.ARM.attributes)
 .ARM.attributes
                0x00000000       0x22 /opt/st/stm32cubeide_1.15.0/plugins/com.st.stm32cube.ide.mcu.externaltools.gnu-tools-for-stm32.12.3.rel1.linux64_1.0.100.202403111256/tools/bin/../lib/gcc/arm-none-eabi/12.3.1/thumb/v7e-m+fp/hard/crti.o
 .ARM.attributes
                0x00000022       0x34 /opt/st/stm32cubeide_1.15.0/plugins/com.st.stm32cube.ide.mcu.externaltools.gnu-tools-for-stm32.12.3.rel1.linux64_1.0.100.202403111256/tools/bin/../lib/gcc/arm-none-eabi/12.3.1/thumb/v7e-m+fp/hard/crtbegin.o
 .ARM.attributes
                0x00000056       0x34 ./LedFolder/FreeRTOS/list.o
 .ARM.attributes
                0x0000008a       0x34 ./LedFolder/FreeRTOS/tasks.o
 .ARM.attributes
                0x000000be       0x34 ./LedFolder/FreeRTOS/portable/GCC/ARM_CM4F/port.o
 .ARM.attributes
                0x000000f2       0x34 ./LedFolder/FreeRTOS/portable/MemMang/heap_4.o
 .ARM.attributes
                0x00000126       0x34 ./Src/led.o
 .ARM.attributes
                0x0000015a       0x34 ./Src/main.o
 .ARM.attributes
                0x0000018e       0x34 ./Src/system_stm32f4xx.o
 .ARM.attributes
                0x000001c2       0x21 ./Startup/startup_stm32f407vgtx.o
 .ARM.attributes
                0x000001e3       0x34 /opt/st/stm32cubeide_1.15.0/plugins/com.st.stm32cube.ide.mcu.externaltools.gnu-tools-for-stm32.12.3.rel1.linux64_1.0.100.202403111256/tools/bin/../lib/gcc/arm-none-eabi/12.3.1/../../../../arm-none-eabi/lib/thumb/v7e-m+fp/hard/libc_nano.a(libc_a-findfp.o)
 .ARM.attributes
                0x00000217       0x34 /opt/st/stm32cubeide_1.15.0/plugins/com.st.stm32cube.ide.mcu.externaltools.gnu-tools-for-stm32.12.3.rel1.linux64_1.0.100.202403111256/tools/bin/../lib/gcc/arm-none-eabi/12.3.1/../../../../arm-none-eabi/lib/thumb/v7e-m+fp/hard/libc_nano.a(libc_a-memset.o)
 .ARM.attributes
                0x0000024b       0x34 /opt/st/stm32cubeide_1.15.0/plugins/com.st.stm32cube.ide.mcu.externaltools.gnu-tools-for-stm32.12.3.rel1.linux64_1.0.100.202403111256/tools/bin/../lib/gcc/arm-none-eabi/12.3.1/../../../../arm-none-eabi/lib/thumb/v7e-m+fp/hard/libc_nano.a(libc_a-reent.o)
 .ARM.attributes
                0x0000027f       0x34 /opt/st/stm32cubeide_1.15.0/plugins/com.st.stm32cube.ide.mcu.externaltools.gnu-tools-for-stm32.12.3.rel1.linux64_1.0.100.202403111256/tools/bin/../lib/gcc/arm-none-eabi/12.3.1/../../../../arm-none-eabi/lib/thumb/v7e-m+fp/hard/libc_nano.a(libc_a-impure.o)
 .ARM.attributes
                0x000002b3       0x34 /opt/st/stm32cubeide_1.15.0/plugins/com.st.stm32cube.ide.mcu.externaltools.gnu-tools-for-stm32.12.3.rel1.linux64_1.0.100.202403111256/tools/bin/../lib/gcc/arm-none-eabi/12.3.1/../../../../arm-none-eabi/lib/thumb/v7e-m+fp/hard/libc_nano.a(libc_a-init.o)
 .ARM.attributes
                0x000002e7       0x34 /opt/st/stm32cubeide_1.15.0/plugins/com.st.stm32cube.ide.mcu.externaltools.gnu-tools-for-stm32.12.3.rel1.linux64_1.0.100.202403111256/tools/bin/../lib/gcc/arm-none-eabi/12.3.1/../../../../arm-none-eabi/lib/thumb/v7e-m+fp/hard/libc_nano.a(libc_a-lock.o)
 .ARM.attributes
                0x0000031b       0x34 /opt/st/stm32cubeide_1.15.0/plugins/com.st.stm32cube.ide.mcu.externaltools.gnu-tools-for-stm32.12.3.rel1.linux64_1.0.100.202403111256/tools/bin/../lib/gcc/arm-none-eabi/12.3.1/../../../../arm-none-eabi/lib/thumb/v7e-m+fp/hard/libc_nano.a(libc_a-freer.o)
 .ARM.attributes
                0x0000034f       0x34 /opt/st/stm32cubeide_1.15.0/plugins/com.st.stm32cube.ide.mcu.externaltools.gnu-tools-for-stm32.12.3.rel1.linux64_1.0.100.202403111256/tools/bin/../lib/gcc/arm-none-eabi/12.3.1/../../../../arm-none-eabi/lib/thumb/v7e-m+fp/hard/libc_nano.a(libc_a-mallocr.o)
 .ARM.attributes
                0x00000383       0x34 /opt/st/stm32cubeide_1.15.0/plugins/com.st.stm32cube.ide.mcu.externaltools.gnu-tools-for-stm32.12.3.rel1.linux64_1.0.100.202403111256/tools/bin/../lib/gcc/arm-none-eabi/12.3.1/../../../../arm-none-eabi/lib/thumb/v7e-m+fp/hard/libc_nano.a(libc_a-mlock.o)
 .ARM.attributes
                0x000003b7       0x22 /opt/st/stm32cubeide_1.15.0/plugins/com.st.stm32cube.ide.mcu.externaltools.gnu-tools-for-stm32.12.3.rel1.linux64_1.0.100.202403111256/tools/bin/../lib/gcc/arm-none-eabi/12.3.1/thumb/v7e-m+fp/hard/crtn.o
OUTPUT(Day3_LED.elf elf32-littlearm)
LOAD linker stubs
LOAD /opt/st/stm32cubeide_1.15.0/plugins/com.st.stm32cube.ide.mcu.externaltools.gnu-tools-for-stm32.12.3.rel1.linux64_1.0.100.202403111256/tools/bin/../lib/gcc/arm-none-eabi/12.3.1/../../../../arm-none-eabi/lib/thumb/v7e-m+fp/hard/libc.a
LOAD /opt/st/stm32cubeide_1.15.0/plugins/com.st.stm32cube.ide.mcu.externaltools.gnu-tools-for-stm32.12.3.rel1.linux64_1.0.100.202403111256/tools/bin/../lib/gcc/arm-none-eabi/12.3.1/../../../../arm-none-eabi/lib/thumb/v7e-m+fp/hard/libm.a
LOAD /opt/st/stm32cubeide_1.15.0/plugins/com.st.stm32cube.ide.mcu.externaltools.gnu-tools-for-stm32.12.3.rel1.linux64_1.0.100.202403111256/tools/bin/../lib/gcc/arm-none-eabi/12.3.1/thumb/v7e-m+fp/hard/libgcc.a

.debug_info     0x00000000     0x3e7a
 .debug_info    0x00000000      0x2af ./LedFolder/FreeRTOS/list.o
 .debug_info    0x000002af     0x22ef ./LedFolder/FreeRTOS/tasks.o
 .debug_info    0x0000259e      0x4e1 ./LedFolder/FreeRTOS/portable/GCC/ARM_CM4F/port.o
 .debug_info    0x00002a7f      0x4d5 ./LedFolder/FreeRTOS/portable/MemMang/heap_4.o
 .debug_info    0x00002f54      0x549 ./Src/led.o
 .debug_info    0x0000349d      0x2ad ./Src/main.o
 .debug_info    0x0000374a      0x700 ./Src/system_stm32f4xx.o
 .debug_info    0x00003e4a       0x30 ./Startup/startup_stm32f407vgtx.o

.debug_abbrev   0x00000000      0xd47
 .debug_abbrev  0x00000000       0xf5 ./LedFolder/FreeRTOS/list.o
 .debug_abbrev  0x000000f5      0x3d3 ./LedFolder/FreeRTOS/tasks.o
 .debug_abbrev  0x000004c8      0x25a ./LedFolder/FreeRTOS/portable/GCC/ARM_CM4F/port.o
 .debug_abbrev  0x00000722      0x21d ./LedFolder/FreeRTOS/portable/MemMang/heap_4.o
 .debug_abbrev  0x0000093f      0x136 ./Src/led.o
 .debug_abbrev  0x00000a75      0x14d ./Src/main.o
 .debug_abbrev  0x00000bc2      0x161 ./Src/system_stm32f4xx.o
 .debug_abbrev  0x00000d23       0x24 ./Startup/startup_stm32f407vgtx.o

.debug_aranges  0x00000000      0x3b0
 .debug_aranges
                0x00000000       0x40 ./LedFolder/FreeRTOS/list.o
 .debug_aranges
                0x00000040      0x1b8 ./LedFolder/FreeRTOS/tasks.o
 .debug_aranges
                0x000001f8       0x80 ./LedFolder/FreeRTOS/portable/GCC/ARM_CM4F/port.o
 .debug_aranges
                0x00000278       0x58 ./LedFolder/FreeRTOS/portable/MemMang/heap_4.o
 .debug_aranges
                0x000002d0       0x40 ./Src/led.o
 .debug_aranges
                0x00000310       0x40 ./Src/main.o
 .debug_aranges
                0x00000350       0x38 ./Src/system_stm32f4xx.o
 .debug_aranges
                0x00000388       0x28 ./Startup/startup_stm32f407vgtx.o

.debug_rnglists
                0x00000000      0x2c0
 .debug_rnglists
                0x00000000       0x2b ./LedFolder/FreeRTOS/list.o
 .debug_rnglists
                0x0000002b      0x15f ./LedFolder/FreeRTOS/tasks.o
 .debug_rnglists
                0x0000018a       0x5d ./LedFolder/FreeRTOS/portable/GCC/ARM_CM4F/port.o
 .debug_rnglists
                0x000001e7       0x42 ./LedFolder/FreeRTOS/portable/MemMang/heap_4.o
 .debug_rnglists
                0x00000229       0x2c ./Src/led.o
 .debug_rnglists
                0x00000255       0x2c ./Src/main.o
 .debug_rnglists
                0x00000281       0x26 ./Src/system_stm32f4xx.o
 .debug_rnglists
                0x000002a7       0x19 ./Startup/startup_stm32f407vgtx.o

.debug_macro    0x00000000    0x18133
 .debug_macro   0x00000000      0x1a5 ./LedFolder/FreeRTOS/list.o
 .debug_macro   0x000001a5      0x28b ./LedFolder/FreeRTOS/tasks.o
 .debug_macro   0x00000430       0x10 ./LedFolder/FreeRTOS/tasks.o
 .debug_macro   0x00000440      0x233 ./LedFolder/FreeRTOS/portable/GCC/ARM_CM4F/port.o
 .debug_macro   0x00000673      0x1c0 ./LedFolder/FreeRTOS/portable/MemMang/heap_4.o
 .debug_macro   0x00000833       0xd7 ./Src/led.o
 .debug_macro   0x0000090a       0x2f ./Src/led.o
 .debug_macro   0x00000939       0x1c ./Src/led.o
 .debug_macro   0x00000955       0x22 ./Src/led.o
 .debug_macro   0x00000977       0xd9 ./Src/led.o
 .debug_macro   0x00000a50     0x102d ./Src/led.o
 .debug_macro   0x00001a7d      0x11f ./Src/led.o
 .debug_macro   0x00001b9c    0x15e3c ./Src/led.o
 .debug_macro   0x000179d8       0x28 ./Src/led.o
 .debug_macro   0x00017a00       0x74 ./Src/led.o
 .debug_macro   0x00017a74      0x225 ./Src/main.o
 .debug_macro   0x00017c99       0x16 ./Src/main.o
 .debug_macro   0x00017caf       0x9e ./Src/main.o
 .debug_macro   0x00017d4d      0x10b ./Src/main.o
 .debug_macro   0x00017e58       0x10 ./Src/main.o
 .debug_macro   0x00017e68       0x16 ./Src/main.o
 .debug_macro   0x00017e7e       0x16 ./Src/main.o
 .debug_macro   0x00017e94      0x146 ./Src/main.o
 .debug_macro   0x00017fda       0xe1 ./Src/system_stm32f4xx.o
 .debug_macro   0x000180bb       0x2e ./Src/system_stm32f4xx.o
 .debug_macro   0x000180e9       0x4a ./Src/system_stm32f4xx.o

.debug_line     0x00000000     0x4253
 .debug_line    0x00000000      0x696 ./LedFolder/FreeRTOS/list.o
 .debug_line    0x00000696     0x192d ./LedFolder/FreeRTOS/tasks.o
 .debug_line    0x00001fc3      0x872 ./LedFolder/FreeRTOS/portable/GCC/ARM_CM4F/port.o
 .debug_line    0x00002835      0x8bb ./LedFolder/FreeRTOS/portable/MemMang/heap_4.o
 .debug_line    0x000030f0      0x4da ./Src/led.o
 .debug_line    0x000035ca      0x730 ./Src/main.o
 .debug_line    0x00003cfa      0x4de ./Src/system_stm32f4xx.o
 .debug_line    0x000041d8       0x7b ./Startup/startup_stm32f407vgtx.o

.debug_str      0x00000000    0x92e48
 .debug_str     0x00000000     0xaa29 ./LedFolder/FreeRTOS/list.o
                               0xac59 (size before relaxing)
 .debug_str     0x0000aa29     0x313e ./LedFolder/FreeRTOS/tasks.o
                               0xddfb (size before relaxing)
 .debug_str     0x0000db67      0x776 ./LedFolder/FreeRTOS/portable/GCC/ARM_CM4F/port.o
                               0xaf8c (size before relaxing)
 .debug_str     0x0000e2dd      0x318 ./LedFolder/FreeRTOS/portable/MemMang/heap_4.o
                               0xc122 (size before relaxing)
 .debug_str     0x0000e5f5    0x8405c ./Src/led.o
                              0x87d91 (size before relaxing)
 .debug_str     0x00092651      0x66b ./Src/main.o
                              0x8fe9a (size before relaxing)
 .debug_str     0x00092cbc      0x14d ./Src/system_stm32f4xx.o
                              0x87e1d (size before relaxing)
 .debug_str     0x00092e09       0x3f ./Startup/startup_stm32f407vgtx.o
                                 0x68 (size before relaxing)

.comment        0x00000000       0x43
 .comment       0x00000000       0x43 ./LedFolder/FreeRTOS/list.o
                                 0x44 (size before relaxing)
 .comment       0x00000043       0x44 ./LedFolder/FreeRTOS/tasks.o
 .comment       0x00000043       0x44 ./LedFolder/FreeRTOS/portable/GCC/ARM_CM4F/port.o
 .comment       0x00000043       0x44 ./LedFolder/FreeRTOS/portable/MemMang/heap_4.o
 .comment       0x00000043       0x44 ./Src/led.o
 .comment       0x00000043       0x44 ./Src/main.o
 .comment       0x00000043       0x44 ./Src/system_stm32f4xx.o

.debug_frame    0x00000000     0x104c
 .debug_frame   0x00000000       0xd8 ./LedFolder/FreeRTOS/list.o
 .debug_frame   0x000000d8      0x768 ./LedFolder/FreeRTOS/tasks.o
 .debug_frame   0x00000840      0x1a8 ./LedFolder/FreeRTOS/portable/GCC/ARM_CM4F/port.o
 .debug_frame   0x000009e8      0x12c ./LedFolder/FreeRTOS/portable/MemMang/heap_4.o
 .debug_frame   0x00000b14       0xd4 ./Src/led.o
 .debug_frame   0x00000be8       0xb0 ./Src/main.o
 .debug_frame   0x00000c98       0x84 ./Src/system_stm32f4xx.o
 .debug_frame   0x00000d1c      0x144 /opt/st/stm32cubeide_1.15.0/plugins/com.st.stm32cube.ide.mcu.externaltools.gnu-tools-for-stm32.12.3.rel1.linux64_1.0.100.202403111256/tools/bin/../lib/gcc/arm-none-eabi/12.3.1/../../../../arm-none-eabi/lib/thumb/v7e-m+fp/hard/libc_nano.a(libc_a-findfp.o)
 .debug_frame   0x00000e60       0x20 /opt/st/stm32cubeide_1.15.0/plugins/com.st.stm32cube.ide.mcu.externaltools.gnu-tools-for-stm32.12.3.rel1.linux64_1.0.100.202403111256/tools/bin/../lib/gcc/arm-none-eabi/12.3.1/../../../../arm-none-eabi/lib/thumb/v7e-m+fp/hard/libc_nano.a(libc_a-memset.o)
 .debug_frame   0x00000e80       0x38 /opt/st/stm32cubeide_1.15.0/plugins/com.st.stm32cube.ide.mcu.externaltools.gnu-tools-for-stm32.12.3.rel1.linux64_1.0.100.202403111256/tools/bin/../lib/gcc/arm-none-eabi/12.3.1/../../../../arm-none-eabi/lib/thumb/v7e-m+fp/hard/libc_nano.a(libc_a-reent.o)
 .debug_frame   0x00000eb8       0x2c /opt/st/stm32cubeide_1.15.0/plugins/com.st.stm32cube.ide.mcu.externaltools.gnu-tools-for-stm32.12.3.rel1.linux64_1.0.100.202403111256/tools/bin/../lib/gcc/arm-none-eabi/12.3.1/../../../../arm-none-eabi/lib/thumb/v7e-m+fp/hard/libc_nano.a(libc_a-init.o)
 .debug_frame   0x00000ee4       0xb0 /opt/st/stm32cubeide_1.15.0/plugins/com.st.stm32cube.ide.mcu.externaltools.gnu-tools-for-stm32.12.3.rel1.linux64_1.0.100.202403111256/tools/bin/../lib/gcc/arm-none-eabi/12.3.1/../../../../arm-none-eabi/lib/thumb/v7e-m+fp/hard/libc_nano.a(libc_a-lock.o)
 .debug_frame   0x00000f94       0x38 /opt/st/stm32cubeide_1.15.0/plugins/com.st.stm32cube.ide.mcu.externaltools.gnu-tools-for-stm32.12.3.rel1.linux64_1.0.100.202403111256/tools/bin/../lib/gcc/arm-none-eabi/12.3.1/../../../../arm-none-eabi/lib/thumb/v7e-m+fp/hard/libc_nano.a(libc_a-freer.o)
 .debug_frame   0x00000fcc       0x50 /opt/st/stm32cubeide_1.15.0/plugins/com.st.stm32cube.ide.mcu.externaltools.gnu-tools-for-stm32.12.3.rel1.linux64_1.0.100.202403111256/tools/bin/../lib/gcc/arm-none-eabi/12.3.1/../../../../arm-none-eabi/lib/thumb/v7e-m+fp/hard/libc_nano.a(libc_a-mallocr.o)
 .debug_frame   0x0000101c       0x30 /opt/st/stm32cubeide_1.15.0/plugins/com.st.stm32cube.ide.mcu.externaltools.gnu-tools-for-stm32.12.3.rel1.linux64_1.0.100.202403111256/tools/bin/../lib/gcc/arm-none-eabi/12.3.1/../../../../arm-none-eabi/lib/thumb/v7e-m+fp/hard/libc_nano.a(libc_a-mlock.o)

.debug_loclists
                0x00000000       0x1f
 .debug_loclists
                0x00000000       0x1f ./Src/system_stm32f4xx.o

.debug_line_str
                0x00000000       0x4c
 .debug_line_str
                0x00000000       0x4c ./Startup/startup_stm32f407vgtx.o
